Archive member included to satisfy reference by file (symbol)

C:/ST/STM32CubeIDE_1.16.1/STM32CubeIDE/plugins/com.st.stm32cube.ide.mcu.externaltools.gnu-tools-for-stm32.12.3.rel1.win32_1.0.200.202406191623/tools/bin/../lib/gcc/arm-none-eabi/12.3.1/../../../../arm-none-eabi/lib/thumb/v7e-m+fp/hard\libstdc++_nano.a(functexcept.o)
                              ./Core/Src/Nrf2401Plus.o (std::__throw_invalid_argument(char const*))
C:/ST/STM32CubeIDE_1.16.1/STM32CubeIDE/plugins/com.st.stm32cube.ide.mcu.externaltools.gnu-tools-for-stm32.12.3.rel1.win32_1.0.200.202406191623/tools/bin/../lib/gcc/arm-none-eabi/12.3.1/../../../../arm-none-eabi/lib/thumb/v7e-m+fp/hard\libstdc++_nano.a(string-inst.o)
                              ./Core/Src/Nrf2401Plus.o (std::__cxx11::basic_string<char, std::char_traits<char>, std::allocator<char> >::basic_string())
C:/ST/STM32CubeIDE_1.16.1/STM32CubeIDE/plugins/com.st.stm32cube.ide.mcu.externaltools.gnu-tools-for-stm32.12.3.rel1.win32_1.0.200.202406191623/tools/bin/../lib/gcc/arm-none-eabi/12.3.1/../../../../arm-none-eabi/lib/thumb/v7e-m+fp/hard\libstdc++_nano.a(del_op.o)
                              C:/ST/STM32CubeIDE_1.16.1/STM32CubeIDE/plugins/com.st.stm32cube.ide.mcu.externaltools.gnu-tools-for-stm32.12.3.rel1.win32_1.0.200.202406191623/tools/bin/../lib/gcc/arm-none-eabi/12.3.1/../../../../arm-none-eabi/lib/thumb/v7e-m+fp/hard\libstdc++_nano.a(string-inst.o) (operator delete(void*))
C:/ST/STM32CubeIDE_1.16.1/STM32CubeIDE/plugins/com.st.stm32cube.ide.mcu.externaltools.gnu-tools-for-stm32.12.3.rel1.win32_1.0.200.202406191623/tools/bin/../lib/gcc/arm-none-eabi/12.3.1/../../../../arm-none-eabi/lib/thumb/v7e-m+fp/hard\libstdc++_nano.a(new_op.o)
                              C:/ST/STM32CubeIDE_1.16.1/STM32CubeIDE/plugins/com.st.stm32cube.ide.mcu.externaltools.gnu-tools-for-stm32.12.3.rel1.win32_1.0.200.202406191623/tools/bin/../lib/gcc/arm-none-eabi/12.3.1/../../../../arm-none-eabi/lib/thumb/v7e-m+fp/hard\libstdc++_nano.a(string-inst.o) (operator new(unsigned int))
C:/ST/STM32CubeIDE_1.16.1/STM32CubeIDE/plugins/com.st.stm32cube.ide.mcu.externaltools.gnu-tools-for-stm32.12.3.rel1.win32_1.0.200.202406191623/tools/bin/../lib/gcc/arm-none-eabi/12.3.1/../../../../arm-none-eabi/lib/thumb/v7e-m+fp/hard\libstdc++_nano.a(new_handler.o)
                              C:/ST/STM32CubeIDE_1.16.1/STM32CubeIDE/plugins/com.st.stm32cube.ide.mcu.externaltools.gnu-tools-for-stm32.12.3.rel1.win32_1.0.200.202406191623/tools/bin/../lib/gcc/arm-none-eabi/12.3.1/../../../../arm-none-eabi/lib/thumb/v7e-m+fp/hard\libstdc++_nano.a(new_op.o) (std::get_new_handler())
C:/ST/STM32CubeIDE_1.16.1/STM32CubeIDE/plugins/com.st.stm32cube.ide.mcu.externaltools.gnu-tools-for-stm32.12.3.rel1.win32_1.0.200.202406191623/tools/bin/../lib/gcc/arm-none-eabi/12.3.1/../../../../arm-none-eabi/lib/thumb/v7e-m+fp/hard\libc_nano.a(libc_a-abort.o)
                              C:/ST/STM32CubeIDE_1.16.1/STM32CubeIDE/plugins/com.st.stm32cube.ide.mcu.externaltools.gnu-tools-for-stm32.12.3.rel1.win32_1.0.200.202406191623/tools/bin/../lib/gcc/arm-none-eabi/12.3.1/../../../../arm-none-eabi/lib/thumb/v7e-m+fp/hard\libstdc++_nano.a(functexcept.o) (abort)
C:/ST/STM32CubeIDE_1.16.1/STM32CubeIDE/plugins/com.st.stm32cube.ide.mcu.externaltools.gnu-tools-for-stm32.12.3.rel1.win32_1.0.200.202406191623/tools/bin/../lib/gcc/arm-none-eabi/12.3.1/../../../../arm-none-eabi/lib/thumb/v7e-m+fp/hard\libc_nano.a(libc_a-exit.o)
                              C:/ST/STM32CubeIDE_1.16.1/STM32CubeIDE/plugins/com.st.stm32cube.ide.mcu.externaltools.gnu-tools-for-stm32.12.3.rel1.win32_1.0.200.202406191623/tools/bin/../lib/gcc/arm-none-eabi/12.3.1/../../../../arm-none-eabi/lib/thumb/v7e-m+fp/hard/crt0.o (exit)
C:/ST/STM32CubeIDE_1.16.1/STM32CubeIDE/plugins/com.st.stm32cube.ide.mcu.externaltools.gnu-tools-for-stm32.12.3.rel1.win32_1.0.200.202406191623/tools/bin/../lib/gcc/arm-none-eabi/12.3.1/../../../../arm-none-eabi/lib/thumb/v7e-m+fp/hard\libc_nano.a(libc_a-malloc.o)
                              C:/ST/STM32CubeIDE_1.16.1/STM32CubeIDE/plugins/com.st.stm32cube.ide.mcu.externaltools.gnu-tools-for-stm32.12.3.rel1.win32_1.0.200.202406191623/tools/bin/../lib/gcc/arm-none-eabi/12.3.1/../../../../arm-none-eabi/lib/thumb/v7e-m+fp/hard\libstdc++_nano.a(new_op.o) (malloc)
C:/ST/STM32CubeIDE_1.16.1/STM32CubeIDE/plugins/com.st.stm32cube.ide.mcu.externaltools.gnu-tools-for-stm32.12.3.rel1.win32_1.0.200.202406191623/tools/bin/../lib/gcc/arm-none-eabi/12.3.1/../../../../arm-none-eabi/lib/thumb/v7e-m+fp/hard\libc_nano.a(libc_a-mallocr.o)
                              C:/ST/STM32CubeIDE_1.16.1/STM32CubeIDE/plugins/com.st.stm32cube.ide.mcu.externaltools.gnu-tools-for-stm32.12.3.rel1.win32_1.0.200.202406191623/tools/bin/../lib/gcc/arm-none-eabi/12.3.1/../../../../arm-none-eabi/lib/thumb/v7e-m+fp/hard\libc_nano.a(libc_a-malloc.o) (_malloc_r)
[...]
Memory Configuration

Name             Origin             Length             Attributes
RAM              0x20000000         0x00020000         xrw
FLASH            0x08000000         0x00080000         xr
*default*        0x00000000         0xffffffff

Linker script and memory map

LOAD C:/ST/STM32CubeIDE_1.16.1/STM32CubeIDE/plugins/com.st.stm32cube.ide.mcu.externaltools.gnu-tools-for-stm32.12.3.rel1.win32_1.0.200.202406191623/tools/bin/../lib/gcc/arm-none-eabi/12.3.1/thumb/v7e-m+fp/hard/crti.o
LOAD C:/ST/STM32CubeIDE_1.16.1/STM32CubeIDE/plugins/com.st.stm32cube.ide.mcu.externaltools.gnu-tools-for-stm32.12.3.rel1.win32_1.0.200.202406191623/tools/bin/../lib/gcc/arm-none-eabi/12.3.1/thumb/v7e-m+fp/hard/crtbegin.o
LOAD C:/ST/STM32CubeIDE_1.16.1/STM32CubeIDE/plugins/com.st.stm32cube.ide.mcu.externaltools.gnu-tools-for-stm32.12.3.rel1.win32_1.0.200.202406191623/tools/bin/../lib/gcc/arm-none-eabi/12.3.1/../../../../arm-none-eabi/lib/thumb/v7e-m+fp/hard/crt0.o
LOAD ./Core/Src/Lcd.o
LOAD ./Core/Src/Nrf2401Plus.o
LOAD ./Core/Src/dma.o
LOAD ./Core/Src/gpio.o
LOAD ./Core/Src/i2c.o
LOAD ./Core/Src/main.o
LOAD ./Core/Src/spi.o
LOAD ./Core/Src/stm32f4xx_hal_msp.o
LOAD ./Core/Src/stm32f4xx_it.o
LOAD ./Core/Src/syscalls.o
LOAD ./Core/Src/sysmem.o
LOAD ./Core/Src/system_stm32f4xx.o
LOAD ./Core/Src/usart.o
LOAD ./Core/Startup/startup_stm32f446retx.o
LOAD ./Drivers/STM32F4xx_HAL_Driver/Src/stm32f4xx_hal.o
LOAD ./Drivers/STM32F4xx_HAL_Driver/Src/stm32f4xx_hal_cortex.o
LOAD ./Drivers/STM32F4xx_HAL_Driver/Src/stm32f4xx_hal_dma.o
LOAD ./Drivers/STM32F4xx_HAL_Driver/Src/stm32f4xx_hal_dma_ex.o
LOAD ./Drivers/STM32F4xx_HAL_Driver/Src/stm32f4xx_hal_exti.o
LOAD ./Drivers/STM32F4xx_HAL_Driver/Src/stm32f4xx_hal_flash.o
LOAD ./Drivers/STM32F4xx_HAL_Driver/Src/stm32f4xx_hal_flash_ex.o
LOAD ./Drivers/STM32F4xx_HAL_Driver/Src/stm32f4xx_hal_flash_ramfunc.o
LOAD ./Drivers/STM32F4xx_HAL_Driver/Src/stm32f4xx_hal_gpio.o
LOAD ./Drivers/STM32F4xx_HAL_Driver/Src/stm32f4xx_hal_i2c.o
LOAD ./Drivers/STM32F4xx_HAL_Driver/Src/stm32f4xx_hal_i2c_ex.o
LOAD ./Drivers/STM32F4xx_HAL_Driver/Src/stm32f4xx_hal_pwr.o
LOAD ./Drivers/STM32F4xx_HAL_Driver/Src/stm32f4xx_hal_pwr_ex.o
LOAD ./Drivers/STM32F4xx_HAL_Driver/Src/stm32f4xx_hal_rcc.o
LOAD ./Drivers/STM32F4xx_HAL_Driver/Src/stm32f4xx_hal_rcc_ex.o
LOAD ./Drivers/STM32F4xx_HAL_Driver/Src/stm32f4xx_hal_spi.o
LOAD ./Drivers/STM32F4xx_HAL_Driver/Src/stm32f4xx_hal_tim.o
LOAD ./Drivers/STM32F4xx_HAL_Driver/Src/stm32f4xx_hal_tim_ex.o
LOAD ./Drivers/STM32F4xx_HAL_Driver/Src/stm32f4xx_hal_uart.o
START GROUP
LOAD C:/ST/STM32CubeIDE_1.16.1/STM32CubeIDE/plugins/com.st.stm32cube.ide.mcu.externaltools.gnu-tools-for-stm32.12.3.rel1.win32_1.0.200.202406191623/tools/bin/../lib/gcc/arm-none-eabi/12.3.1/../../../../arm-none-eabi/lib/thumb/v7e-m+fp/hard\libstdc++_nano.a
LOAD C:/ST/STM32CubeIDE_1.16.1/STM32CubeIDE/plugins/com.st.stm32cube.ide.mcu.externaltools.gnu-tools-for-stm32.12.3.rel1.win32_1.0.200.202406191623/tools/bin/../lib/gcc/arm-none-eabi/12.3.1/../../../../arm-none-eabi/lib/thumb/v7e-m+fp/hard\libsupc++_nano.a
END GROUP
LOAD C:/ST/STM32CubeIDE_1.16.1/STM32CubeIDE/plugins/com.st.stm32cube.ide.mcu.externaltools.gnu-tools-for-stm32.12.3.rel1.win32_1.0.200.202406191623/tools/bin/../lib/gcc/arm-none-eabi/12.3.1/../../../../arm-none-eabi/lib/thumb/v7e-m+fp/hard\libstdc++_nano.a
LOAD C:/ST/STM32CubeIDE_1.16.1/STM32CubeIDE/plugins/com.st.stm32cube.ide.mcu.externaltools.gnu-tools-for-stm32.12.3.rel1.win32_1.0.200.202406191623/tools/bin/../lib/gcc/arm-none-eabi/12.3.1/../../../../arm-none-eabi/lib/thumb/v7e-m+fp/hard\libm.a
LOAD C:/ST/STM32CubeIDE_1.16.1/STM32CubeIDE/plugins/com.st.stm32cube.ide.mcu.externaltools.gnu-tools-for-stm32.12.3.rel1.win32_1.0.200.202406191623/tools/bin/../lib/gcc/arm-none-eabi/12.3.1/../../../../arm-none-eabi/lib/thumb/v7e-m+fp/hard\libc_nano.a
START GROUP
LOAD C:/ST/STM32CubeIDE_1.16.1/STM32CubeIDE/plugins/com.st.stm32cube.ide.mcu.externaltools.gnu-tools-for-stm32.12.3.rel1.win32_1.0.200.202406191623/tools/bin/../lib/gcc/arm-none-eabi/12.3.1/thumb/v7e-m+fp/hard\libgcc.a
LOAD C:/ST/STM32CubeIDE_1.16.1/STM32CubeIDE/plugins/com.st.stm32cube.ide.mcu.externaltools.gnu-tools-for-stm32.12.3.rel1.win32_1.0.200.202406191623/tools/bin/../lib/gcc/arm-none-eabi/12.3.1/../../../../arm-none-eabi/lib/thumb/v7e-m+fp/hard\libc_nano.a
END GROUP
START GROUP
LOAD C:/ST/STM32CubeIDE_1.16.1/STM32CubeIDE/plugins/com.st.stm32cube.ide.mcu.externaltools.gnu-tools-for-stm32.12.3.rel1.win32_1.0.200.202406191623/tools/bin/../lib/gcc/arm-none-eabi/12.3.1/thumb/v7e-m+fp/hard\libgcc.a
LOAD C:/ST/STM32CubeIDE_1.16.1/STM32CubeIDE/plugins/com.st.stm32cube.ide.mcu.externaltools.gnu-tools-for-stm32.12.3.rel1.win32_1.0.200.202406191623/tools/bin/../lib/gcc/arm-none-eabi/12.3.1/../../../../arm-none-eabi/lib/thumb/v7e-m+fp/hard\libc_nano.a
END GROUP
LOAD C:/ST/STM32CubeIDE_1.16.1/STM32CubeIDE/plugins/com.st.stm32cube.ide.mcu.externaltools.gnu-tools-for-stm32.12.3.rel1.win32_1.0.200.202406191623/tools/bin/../lib/gcc/arm-none-eabi/12.3.1/thumb/v7e-m+fp/hard/crtend.o
LOAD C:/ST/STM32CubeIDE_1.16.1/STM32CubeIDE/plugins/com.st.stm32cube.ide.mcu.externaltools.gnu-tools-for-stm32.12.3.rel1.win32_1.0.200.202406191623/tools/bin/../lib/gcc/arm-none-eabi/12.3.1/thumb/v7e-m+fp/hard/crtn.o
                0x20020000                        _estack = (ORIGIN (RAM) + LENGTH (RAM))
                0x00000200                        _Min_Heap_Size = 0x200
                0x00000400                        _Min_Stack_Size = 0x400

.isr_vector     0x08000000      0x1c4
                0x08000000                        . = ALIGN (0x4)
 *(.isr_vector)
 .isr_vector    0x08000000      0x1c4 ./Core/Startup/startup_stm32f446retx.o
                0x08000000                g_pfnVectors
                0x080001c4                        . = ALIGN (0x4)

.text           0x080001c8     0x78cc
                0x080001c8                        . = ALIGN (0x4)
 *(.text)
 .text          0x080001c8       0x40 C:/ST/STM32CubeIDE_1.16.1/STM32CubeIDE/plugins/com.st.stm32cube.ide.mcu.externaltools.gnu-tools-for-stm32.12.3.rel1.win32_1.0.200.202406191623/tools/bin/../lib/gcc/arm-none-eabi/12.3.1/thumb/v7e-m+fp/hard/crtbegin.o
 .text          0x08000208       0x10 C:/ST/STM32CubeIDE_1.16.1/STM32CubeIDE/plugins/com.st.stm32cube.ide.mcu.externaltools.gnu-tools-for-stm32.12.3.rel1.win32_1.0.200.202406191623/tools/bin/../lib/gcc/arm-none-eabi/12.3.1/../../../../arm-none-eabi/lib/thumb/v7e-m+fp/hard\libc_nano.a(libc_a-strlen.o)
                0x08000208                strlen
 .text          0x08000218       0x30 C:/ST/STM32CubeIDE_1.16.1/STM32CubeIDE/plugins/com.st.stm32cube.ide.mcu.externaltools.gnu-tools-for-stm32.12.3.rel1.win32_1.0.200.202406191623/tools/bin/../lib/gcc/arm-none-eabi/12.3.1/thumb/v7e-m+fp/hard\libgcc.a(_aeabi_uldivmod.o)
                0x08000218                __aeabi_uldivmod
 .text          0x08000248      0x2bc C:/ST/STM32CubeIDE_1.16.1/STM32CubeIDE/plugins/com.st.stm32cube.ide.mcu.externaltools.gnu-tools-for-stm32.12.3.rel1.win32_1.0.200.202406191623/tools/bin/../lib/gcc/arm-none-eabi/12.3.1/thumb/v7e-m+fp/hard\libgcc.a(_udivmoddi4.o)
                0x08000248                __udivmoddi4
 .text          0x08000504        0x4 C:/ST/STM32CubeIDE_1.16.1/STM32CubeIDE/plugins/com.st.stm32cube.ide.mcu.externaltools.gnu-tools-for-stm32.12.3.rel1.win32_1.0.200.202406191623/tools/bin/../lib/gcc/arm-none-eabi/12.3.1/thumb/v7e-m+fp/hard\libgcc.a(_dvmd_tls.o)
                0x08000504                __aeabi_idiv0
                0x08000504                __aeabi_ldiv0
 *(.text*)
 .text._ZN3Lcd11EnPulseInitEhNS_8ConstLcdE
                0x08000508       0x38 ./Core/Src/Lcd.o
                0x08000508                Lcd::EnPulseInit(unsigned char, Lcd::ConstLcd)
 .text._ZN3Lcd7EnPulseEhNS_8ConstLcdE
                0x08000540       0x34 ./Core/Src/Lcd.o
                0x08000540                Lcd::EnPulse(unsigned char, Lcd::ConstLcd)
 .text._ZN3Lcd8TransmitEPh
                0x08000574       0x30 ./Core/Src/Lcd.o
                0x08000574                Lcd::Transmit(unsigned char*)
 .text._ZN3Lcd5PrintEPKcS1_S1_S1_
                0x080005a4      0x118 ./Core/Src/Lcd.o
                0x080005a4                Lcd::Print(char const*, char const*, char const*, char const*)
 .text._ZN3Lcd4InitEv
                0x080006bc      0x1bc ./Core/Src/Lcd.o
                0x080006bc                Lcd::Init()
 .text._ZN3Lcd7ExampleEv
                0x08000878       0x3c ./Core/Src/Lcd.o
                0x08000878                Lcd::Example()
 *fill*         0x080008b4        0x4 
 .text._Z7NrfInithP12GPIO_TypeDeftS0_tP19__SPI_HandleTypeDef
                0x080008b8      0x114 ./Core/Src/Nrf2401Plus.o
                0x080008b8                NrfInit(unsigned char, GPIO_TypeDef*, unsigned short, GPIO_TypeDef*, unsigned short, __SPI_HandleTypeDef*)
 .text._Z7NrfModeh
                0x080009cc       0x70 ./Core/Src/Nrf2401Plus.o
                0x080009cc                NrfMode(unsigned char)
 .text._Z15NrfEnableRxPipeh
                0x08000a3c       0x70 ./Core/Src/Nrf2401Plus.o
                0x08000a3c                NrfEnableRxPipe(unsigned char)
 .text._Z7NrfPipehy
                0x08000aac       0xe4 ./Core/Src/Nrf2401Plus.o
                0x08000aac                NrfPipe(unsigned char, unsigned long long)
 .text._Z10NrfAutoAckh
                0x08000b90       0x70 ./Core/Src/Nrf2401Plus.o
                0x08000b90                NrfAutoAck(unsigned char)
 .text._Z19NrfSetupAdressWidthh
                0x08000c00       0x70 ./Core/Src/Nrf2401Plus.o
                0x08000c00                NrfSetupAdressWidth(unsigned char)
 .text._Z14NrfFreqChannelh
                0x08000c70       0x78 ./Core/Src/Nrf2401Plus.o
                0x08000c70                NrfFreqChannel(unsigned char)
 .text._Z10NrfRFSetuphh
                0x08000ce8       0x80 ./Core/Src/Nrf2401Plus.o
                0x08000ce8                NrfRFSetup(unsigned char, unsigned char)
 .text._Z12NrfRxPayloadh
                0x08000d68       0x78 ./Core/Src/Nrf2401Plus.o
                0x08000d68                NrfRxPayload(unsigned char)
 .text._Z22NrfSetupAutoRetransmithh
                0x08000de0       0x88 ./Core/Src/Nrf2401Plus.o
                0x08000de0                NrfSetupAutoRetransmit(unsigned char, unsigned char)
 .text._Z16NrfDataReceivingv
                0x08000e68       0x48 ./Core/Src/Nrf2401Plus.o
                0x08000e68                NrfDataReceiving()
 .text._Z13ReadingRxFifov
                0x08000eb0       0x4c ./Core/Src/Nrf2401Plus.o
                0x08000eb0                ReadingRxFifo()
 .text._Z8ReadFifov
                0x08000efc       0x50 ./Core/Src/Nrf2401Plus.o
                0x08000efc                ReadFifo()
 .text._Z11ReadChannelv
                0x08000f4c       0x50 ./Core/Src/Nrf2401Plus.o
                0x08000f4c                ReadChannel()
 .text.MX_DMA_Init
                0x08000f9c       0x90 ./Core/Src/dma.o
                0x08000f9c                MX_DMA_Init
 .text.MX_GPIO_Init
                0x0800102c      0x104 ./Core/Src/gpio.o
                0x0800102c                MX_GPIO_Init
 .text.MX_I2C1_Init
                0x08001130       0x68 ./Core/Src/i2c.o
                0x08001130                MX_I2C1_Init
 .text.MX_I2C2_Init
                0x08001198       0x68 ./Core/Src/i2c.o
                0x08001198                MX_I2C2_Init
 .text.HAL_I2C_MspInit
                0x08001200      0x320 ./Core/Src/i2c.o
                0x08001200                HAL_I2C_MspInit
 .text.HAL_I2C_MasterTxCpltCallback
                0x08001520       0xc0 ./Core/Src/i2c.o
                0x08001520                HAL_I2C_MasterTxCpltCallback
 .text.main     0x080015e0       0x64 ./Core/Src/main.o
                0x080015e0                main
 .text._Z18SystemClock_Configv
                0x08001644       0xf0 ./Core/Src/main.o
                0x08001644                SystemClock_Config()
 .text.Error_Handler
                0x08001734        0xc ./Core/Src/main.o
                0x08001734                Error_Handler
 .text.MX_SPI2_Init
                0x08001740       0x78 ./Core/Src/spi.o
                0x08001740                MX_SPI2_Init
 .text.MX_SPI3_Init
                0x080017b8       0x78 ./Core/Src/spi.o
                0x080017b8                MX_SPI3_Init
 .text.HAL_SPI_MspInit
                0x08001830      0x290 ./Core/Src/spi.o
                0x08001830                HAL_SPI_MspInit
 .text.HAL_SPI_TxRxCpltCallback
                0x08001ac0       0xdc ./Core/Src/spi.o
                0x08001ac0                HAL_SPI_TxRxCpltCallback
 .text.HAL_MspInit
                0x08001b9c       0x50 ./Core/Src/stm32f4xx_hal_msp.o
                0x08001b9c                HAL_MspInit
 .text.NMI_Handler
                0x08001bec        0x8 ./Core/Src/stm32f4xx_it.o
                0x08001bec                NMI_Handler
 .text.HardFault_Handler
                0x08001bf4        0x8 ./Core/Src/stm32f4xx_it.o
                0x08001bf4                HardFault_Handler
 .text.MemManage_Handler
                0x08001bfc        0x8 ./Core/Src/stm32f4xx_it.o
                0x08001bfc                MemManage_Handler
 .text.BusFault_Handler
                0x08001c04        0x8 ./Core/Src/stm32f4xx_it.o
                0x08001c04                BusFault_Handler
 .text.UsageFault_Handler
                0x08001c0c        0x8 ./Core/Src/stm32f4xx_it.o
                0x08001c0c                UsageFault_Handler
 .text.SVC_Handler
                0x08001c14        0xe ./Core/Src/stm32f4xx_it.o
                0x08001c14                SVC_Handler
 .text.DebugMon_Handler
                0x08001c22        0xe ./Core/Src/stm32f4xx_it.o
                0x08001c22                DebugMon_Handler
 .text.PendSV_Handler
                0x08001c30        0xe ./Core/Src/stm32f4xx_it.o
                0x08001c30                PendSV_Handler
 *fill*         0x08001c3e        0x2 
 .text.SysTick_Handler
                0x08001c40       0x28 ./Core/Src/stm32f4xx_it.o
                0x08001c40                SysTick_Handler
 .text.DMA1_Stream2_IRQHandler
                0x08001c68       0x14 ./Core/Src/stm32f4xx_it.o
                0x08001c68                DMA1_Stream2_IRQHandler
 .text.DMA1_Stream3_IRQHandler
                0x08001c7c       0x14 ./Core/Src/stm32f4xx_it.o
                0x08001c7c                DMA1_Stream3_IRQHandler
 .text.DMA1_Stream4_IRQHandler
                0x08001c90       0x14 ./Core/Src/stm32f4xx_it.o
                0x08001c90                DMA1_Stream4_IRQHandler
 .text.DMA1_Stream5_IRQHandler
                0x08001ca4       0x14 ./Core/Src/stm32f4xx_it.o
                0x08001ca4                DMA1_Stream5_IRQHandler
 .text.DMA1_Stream6_IRQHandler
                0x08001cb8       0x14 ./Core/Src/stm32f4xx_it.o
                0x08001cb8                DMA1_Stream6_IRQHandler
 .text.I2C1_EV_IRQHandler
                0x08001ccc       0x14 ./Core/Src/stm32f4xx_it.o
                0x08001ccc                I2C1_EV_IRQHandler
 .text.I2C2_EV_IRQHandler
                0x08001ce0       0x14 ./Core/Src/stm32f4xx_it.o
                0x08001ce0                I2C2_EV_IRQHandler
 .text.SPI2_IRQHandler
                0x08001cf4       0x14 ./Core/Src/stm32f4xx_it.o
                0x08001cf4                SPI2_IRQHandler
 .text.USART1_IRQHandler
                0x08001d08       0x14 ./Core/Src/stm32f4xx_it.o
                0x08001d08                USART1_IRQHandler
 .text.DMA1_Stream7_IRQHandler
                0x08001d1c       0x14 ./Core/Src/stm32f4xx_it.o
                0x08001d1c                DMA1_Stream7_IRQHandler
 .text.SPI3_IRQHandler
                0x08001d30       0x14 ./Core/Src/stm32f4xx_it.o
                0x08001d30                SPI3_IRQHandler
 .text.SystemInit
                0x08001d44       0x24 ./Core/Src/system_stm32f4xx.o
                0x08001d44                SystemInit
 .text.MX_USART1_UART_Init
                0x08001d68       0x54 ./Core/Src/usart.o
                0x08001d68                MX_USART1_UART_Init
 .text.MX_USART2_UART_Init
                0x08001dbc       0x54 ./Core/Src/usart.o
                0x08001dbc                MX_USART2_UART_Init
 .text.HAL_UART_MspInit
                0x08001e10      0x108 ./Core/Src/usart.o
                0x08001e10                HAL_UART_MspInit
 .text.Reset_Handler
                0x08001f18       0x50 ./Core/Startup/startup_stm32f446retx.o
                0x08001f18                Reset_Handler
 .text.Default_Handler
                0x08001f68        0x2 ./Core/Startup/startup_stm32f446retx.o
                0x08001f68                RTC_Alarm_IRQHandler
                0x08001f68                EXTI2_IRQHandler
                0x08001f68                TIM8_CC_IRQHandler
                0x08001f68                FMPI2C1_EV_IRQHandler
                0x08001f68                SPI4_IRQHandler
                0x08001f68                TIM1_CC_IRQHandler
                0x08001f68                DMA2_Stream5_IRQHandler
                0x08001f68                PVD_IRQHandler
                0x08001f68                SDIO_IRQHandler
                0x08001f68                TAMP_STAMP_IRQHandler
                0x08001f68                CAN2_RX1_IRQHandler
                0x08001f68                EXTI3_IRQHandler
                0x08001f68                TIM8_TRG_COM_TIM14_IRQHandler
                0x08001f68                TIM1_UP_TIM10_IRQHandler
                0x08001f68                TIM8_UP_TIM13_IRQHandler
                0x08001f68                I2C3_ER_IRQHandler
                0x08001f68                EXTI0_IRQHandler
                0x08001f68                CAN1_RX0_IRQHandler
                0x08001f68                FPU_IRQHandler
                0x08001f68                OTG_HS_WKUP_IRQHandler
                0x08001f68                CAN2_SCE_IRQHandler
                0x08001f68                DMA2_Stream2_IRQHandler
                0x08001f68                SPI1_IRQHandler
                0x08001f68                TIM6_DAC_IRQHandler
                0x08001f68                TIM1_BRK_TIM9_IRQHandler
                0x08001f68                DCMI_IRQHandler
                0x08001f68                CAN2_RX0_IRQHandler
                0x08001f68                DMA2_Stream3_IRQHandler
                0x08001f68                SAI2_IRQHandler
                0x08001f68                USART6_IRQHandler
                0x08001f68                USART3_IRQHandler
                0x08001f68                CAN1_RX1_IRQHandler
                0x08001f68                UART5_IRQHandler
                0x08001f68                DMA2_Stream0_IRQHandler
                0x08001f68                TIM4_IRQHandler
                0x08001f68                QUADSPI_IRQHandler
                0x08001f68                DMA1_Stream1_IRQHandler
                0x08001f68                UART4_IRQHandler
                0x08001f68                TIM3_IRQHandler
                0x08001f68                RCC_IRQHandler
                0x08001f68                TIM8_BRK_TIM12_IRQHandler
                0x08001f68                Default_Handler
                0x08001f68                CEC_IRQHandler
                0x08001f68                EXTI15_10_IRQHandler
                0x08001f68                ADC_IRQHandler
                0x08001f68                TIM7_IRQHandler
                0x08001f68                CAN2_TX_IRQHandler
                0x08001f68                TIM5_IRQHandler
                0x08001f68                DMA2_Stream7_IRQHandler
                0x08001f68                I2C3_EV_IRQHandler
                0x08001f68                EXTI9_5_IRQHandler
                0x08001f68                RTC_WKUP_IRQHandler
                0x08001f68                SPDIF_RX_IRQHandler
                0x08001f68                OTG_HS_EP1_IN_IRQHandler
                0x08001f68                DMA1_Stream0_IRQHandler
                0x08001f68                CAN1_TX_IRQHandler
                0x08001f68                FMPI2C1_ER_IRQHandler
                0x08001f68                EXTI4_IRQHandler
                0x08001f68                OTG_HS_EP1_OUT_IRQHandler
                0x08001f68                WWDG_IRQHandler
                0x08001f68                TIM2_IRQHandler
                0x08001f68                OTG_FS_WKUP_IRQHandler
                0x08001f68                TIM1_TRG_COM_TIM11_IRQHandler
                0x08001f68                OTG_HS_IRQHandler
                0x08001f68                EXTI1_IRQHandler
                0x08001f68                USART2_IRQHandler
                0x08001f68                I2C2_ER_IRQHandler
                0x08001f68                DMA2_Stream1_IRQHandler
                0x08001f68                CAN1_SCE_IRQHandler
                0x08001f68                FLASH_IRQHandler
                0x08001f68                DMA2_Stream4_IRQHandler
                0x08001f68                OTG_FS_IRQHandler
                0x08001f68                I2C1_ER_IRQHandler
                0x08001f68                FMC_IRQHandler
                0x08001f68                DMA2_Stream6_IRQHandler
                0x08001f68                SAI1_IRQHandler
 *fill*         0x08001f6a        0x2 
 .text.HAL_Init
                0x08001f6c       0x44 ./Drivers/STM32F4xx_HAL_Driver/Src/stm32f4xx_hal.o
                0x08001f6c                HAL_Init
 .text.HAL_InitTick
                0x08001fb0       0x60 ./Drivers/STM32F4xx_HAL_Driver/Src/stm32f4xx_hal.o
                0x08001fb0                HAL_InitTick
 .text.HAL_IncTick
                0x08002010       0x28 ./Drivers/STM32F4xx_HAL_Driver/Src/stm32f4xx_hal.o
                0x08002010                HAL_IncTick
 .text.HAL_GetTick
                0x08002038       0x18 ./Drivers/STM32F4xx_HAL_Driver/Src/stm32f4xx_hal.o
                0x08002038                HAL_GetTick
 .text.HAL_Delay
                0x08002050       0x48 ./Drivers/STM32F4xx_HAL_Driver/Src/stm32f4xx_hal.o
                0x08002050                HAL_Delay
 .text.__NVIC_SetPriorityGrouping
                0x08002098       0x48 ./Drivers/STM32F4xx_HAL_Driver/Src/stm32f4xx_hal_cortex.o
 .text.__NVIC_GetPriorityGrouping
                0x080020e0       0x1c ./Drivers/STM32F4xx_HAL_Driver/Src/stm32f4xx_hal_cortex.o
 .text.__NVIC_EnableIRQ
                0x080020fc       0x3c ./Drivers/STM32F4xx_HAL_Driver/Src/stm32f4xx_hal_cortex.o
 .text.__NVIC_SetPriority
                0x08002138       0x54 ./Drivers/STM32F4xx_HAL_Driver/Src/stm32f4xx_hal_cortex.o
 .text.NVIC_EncodePriority
                0x0800218c       0x66 ./Drivers/STM32F4xx_HAL_Driver/Src/stm32f4xx_hal_cortex.o
 *fill*         0x080021f2        0x2 
 .text.SysTick_Config
                0x080021f4       0x44 ./Drivers/STM32F4xx_HAL_Driver/Src/stm32f4xx_hal_cortex.o
 .text.HAL_NVIC_SetPriorityGrouping
                0x08002238       0x16 ./Drivers/STM32F4xx_HAL_Driver/Src/stm32f4xx_hal_cortex.o
                0x08002238                HAL_NVIC_SetPriorityGrouping
 .text.HAL_NVIC_SetPriority
                0x0800224e       0x38 ./Drivers/STM32F4xx_HAL_Driver/Src/stm32f4xx_hal_cortex.o
                0x0800224e                HAL_NVIC_SetPriority
 .text.HAL_NVIC_EnableIRQ
                0x08002286       0x1c ./Drivers/STM32F4xx_HAL_Driver/Src/stm32f4xx_hal_cortex.o
                0x08002286                HAL_NVIC_EnableIRQ
 .text.HAL_SYSTICK_Config
                0x080022a2       0x18 ./Drivers/STM32F4xx_HAL_Driver/Src/stm32f4xx_hal_cortex.o
                0x080022a2                HAL_SYSTICK_Config
 *fill*         0x080022ba        0x2 
 .text.HAL_DMA_Init
                0x080022bc      0x15c ./Drivers/STM32F4xx_HAL_Driver/Src/stm32f4xx_hal_dma.o
                0x080022bc                HAL_DMA_Init
 .text.HAL_DMA_Start_IT
                0x08002418       0xb0 ./Drivers/STM32F4xx_HAL_Driver/Src/stm32f4xx_hal_dma.o
                0x08002418                HAL_DMA_Start_IT
 .text.HAL_DMA_Abort
                0x080024c8       0xe0 ./Drivers/STM32F4xx_HAL_Driver/Src/stm32f4xx_hal_dma.o
                0x080024c8                HAL_DMA_Abort
 .text.HAL_DMA_Abort_IT
                0x080025a8       0x44 ./Drivers/STM32F4xx_HAL_Driver/Src/stm32f4xx_hal_dma.o
                0x080025a8                HAL_DMA_Abort_IT
 .text.HAL_DMA_IRQHandler
                0x080025ec      0x314 ./Drivers/STM32F4xx_HAL_Driver/Src/stm32f4xx_hal_dma.o
                0x080025ec                HAL_DMA_IRQHandler
 .text.HAL_DMA_GetState
                0x08002900       0x1c ./Drivers/STM32F4xx_HAL_Driver/Src/stm32f4xx_hal_dma.o
                0x08002900                HAL_DMA_GetState
 .text.HAL_DMA_GetError
                0x0800291c       0x18 ./Drivers/STM32F4xx_HAL_Driver/Src/stm32f4xx_hal_dma.o
                0x0800291c                HAL_DMA_GetError
 .text.DMA_SetConfig
                0x08002934       0x5c ./Drivers/STM32F4xx_HAL_Driver/Src/stm32f4xx_hal_dma.o
 .text.DMA_CalcBaseAndBitshift
                0x08002990       0x6c ./Drivers/STM32F4xx_HAL_Driver/Src/stm32f4xx_hal_dma.o
 .text.DMA_CheckFifoParam
                0x080029fc       0xf8 ./Drivers/STM32F4xx_HAL_Driver/Src/stm32f4xx_hal_dma.o
 .text.HAL_GPIO_Init
                0x08002af4      0x328 ./Drivers/STM32F4xx_HAL_Driver/Src/stm32f4xx_hal_gpio.o
                0x08002af4                HAL_GPIO_Init
 .text.HAL_GPIO_WritePin
                0x08002e1c       0x32 ./Drivers/STM32F4xx_HAL_Driver/Src/stm32f4xx_hal_gpio.o
                0x08002e1c                HAL_GPIO_WritePin
 *fill*         0x08002e4e        0x2 
 .text.HAL_I2C_Init
                0x08002e50      0x288 ./Drivers/STM32F4xx_HAL_Driver/Src/stm32f4xx_hal_i2c.o
                0x08002e50                HAL_I2C_Init
 .text.I2C_Flush_DR
                0x080030d8       0x2a ./Drivers/STM32F4xx_HAL_Driver/Src/stm32f4xx_hal_i2c.o
 *fill*         0x08003102        0x2 
 .text.HAL_I2C_Master_Transmit
                0x08003104      0x1fc ./Drivers/STM32F4xx_HAL_Driver/Src/stm32f4xx_hal_i2c.o
                0x08003104                HAL_I2C_Master_Transmit
 .text.HAL_I2C_Master_Transmit_DMA
                0x08003300      0x258 ./Drivers/STM32F4xx_HAL_Driver/Src/stm32f4xx_hal_i2c.o
                0x08003300                HAL_I2C_Master_Transmit_DMA
 .text.HAL_I2C_EV_IRQHandler
                0x08003558      0x2a6 ./Drivers/STM32F4xx_HAL_Driver/Src/stm32f4xx_hal_i2c.o
                0x08003558                HAL_I2C_EV_IRQHandler
 .text.HAL_I2C_MasterRxCpltCallback
                0x080037fe       0x14 ./Drivers/STM32F4xx_HAL_Driver/Src/stm32f4xx_hal_i2c.o
                0x080037fe                HAL_I2C_MasterRxCpltCallback
 .text.HAL_I2C_SlaveTxCpltCallback
                0x08003812       0x14 ./Drivers/STM32F4xx_HAL_Driver/Src/stm32f4xx_hal_i2c.o
                0x08003812                HAL_I2C_SlaveTxCpltCallback
 .text.HAL_I2C_SlaveRxCpltCallback
                0x08003826       0x14 ./Drivers/STM32F4xx_HAL_Driver/Src/stm32f4xx_hal_i2c.o
                0x08003826                HAL_I2C_SlaveRxCpltCallback
 .text.HAL_I2C_AddrCallback
                0x0800383a       0x1c ./Drivers/STM32F4xx_HAL_Driver/Src/stm32f4xx_hal_i2c.o
                0x0800383a                HAL_I2C_AddrCallback
 .text.HAL_I2C_ListenCpltCallback
                0x08003856       0x14 ./Drivers/STM32F4xx_HAL_Driver/Src/stm32f4xx_hal_i2c.o
                0x08003856                HAL_I2C_ListenCpltCallback
 .text.HAL_I2C_MemTxCpltCallback
                0x0800386a       0x14 ./Drivers/STM32F4xx_HAL_Driver/Src/stm32f4xx_hal_i2c.o
                0x0800386a                HAL_I2C_MemTxCpltCallback
 .text.HAL_I2C_MemRxCpltCallback
                0x0800387e       0x14 ./Drivers/STM32F4xx_HAL_Driver/Src/stm32f4xx_hal_i2c.o
                0x0800387e                HAL_I2C_MemRxCpltCallback
 .text.HAL_I2C_ErrorCallback
                0x08003892       0x14 ./Drivers/STM32F4xx_HAL_Driver/Src/stm32f4xx_hal_i2c.o
                0x08003892                HAL_I2C_ErrorCallback
 .text.HAL_I2C_AbortCpltCallback
                0x080038a6       0x14 ./Drivers/STM32F4xx_HAL_Driver/Src/stm32f4xx_hal_i2c.o
                0x080038a6                HAL_I2C_AbortCpltCallback
 .text.I2C_MasterTransmit_TXE
                0x080038ba      0x138 ./Drivers/STM32F4xx_HAL_Driver/Src/stm32f4xx_hal_i2c.o
 .text.I2C_MasterTransmit_BTF
                0x080039f2       0xec ./Drivers/STM32F4xx_HAL_Driver/Src/stm32f4xx_hal_i2c.o
 .text.I2C_MemoryTransmit_TXE_BTF
                0x08003ade      0x130 ./Drivers/STM32F4xx_HAL_Driver/Src/stm32f4xx_hal_i2c.o
 .text.I2C_MasterReceive_RXNE
                0x08003c0e      0x190 ./Drivers/STM32F4xx_HAL_Driver/Src/stm32f4xx_hal_i2c.o
 .text.I2C_MasterReceive_BTF
                0x08003d9e      0x1e2 ./Drivers/STM32F4xx_HAL_Driver/Src/stm32f4xx_hal_i2c.o
 .text.I2C_Master_SB
                0x08003f80      0x10c ./Drivers/STM32F4xx_HAL_Driver/Src/stm32f4xx_hal_i2c.o
 .text.I2C_Master_ADD10
                0x0800408c       0x54 ./Drivers/STM32F4xx_HAL_Driver/Src/stm32f4xx_hal_i2c.o
 .text.I2C_Master_ADDR
                0x080040e0      0x322 ./Drivers/STM32F4xx_HAL_Driver/Src/stm32f4xx_hal_i2c.o
 .text.I2C_SlaveTransmit_TXE
                0x08004402       0x7a ./Drivers/STM32F4xx_HAL_Driver/Src/stm32f4xx_hal_i2c.o
 .text.I2C_SlaveTransmit_BTF
                0x0800447c       0x42 ./Drivers/STM32F4xx_HAL_Driver/Src/stm32f4xx_hal_i2c.o
 .text.I2C_SlaveReceive_RXNE
                0x080044be       0x7c ./Drivers/STM32F4xx_HAL_Driver/Src/stm32f4xx_hal_i2c.o
 .text.I2C_SlaveReceive_BTF
                0x0800453a       0x44 ./Drivers/STM32F4xx_HAL_Driver/Src/stm32f4xx_hal_i2c.o
 .text.I2C_Slave_ADDR
                0x0800457e       0x90 ./Drivers/STM32F4xx_HAL_Driver/Src/stm32f4xx_hal_i2c.o
 *fill*         0x0800460e        0x2 
 .text.I2C_Slave_STOPF
                0x08004610      0x260 ./Drivers/STM32F4xx_HAL_Driver/Src/stm32f4xx_hal_i2c.o
 .text.I2C_ITError
                0x08004870      0x264 ./Drivers/STM32F4xx_HAL_Driver/Src/stm32f4xx_hal_i2c.o
 .text.I2C_MasterRequestWrite
                0x08004ad4      0x104 ./Drivers/STM32F4xx_HAL_Driver/Src/stm32f4xx_hal_i2c.o
 .text.I2C_DMAXferCplt
                0x08004bd8      0x1be ./Drivers/STM32F4xx_HAL_Driver/Src/stm32f4xx_hal_i2c.o
 .text.I2C_DMAError
                0x08004d96       0x7a ./Drivers/STM32F4xx_HAL_Driver/Src/stm32f4xx_hal_i2c.o
 .text.I2C_DMAAbort
                0x08004e10      0x150 ./Drivers/STM32F4xx_HAL_Driver/Src/stm32f4xx_hal_i2c.o
 .text.I2C_WaitOnFlagUntilTimeout
                0x08004f60       0xf4 ./Drivers/STM32F4xx_HAL_Driver/Src/stm32f4xx_hal_i2c.o
 .text.I2C_WaitOnMasterAddressFlagUntilTimeout
                0x08005054      0x140 ./Drivers/STM32F4xx_HAL_Driver/Src/stm32f4xx_hal_i2c.o
 .text.I2C_WaitOnTXEFlagUntilTimeout
                0x08005194       0x90 ./Drivers/STM32F4xx_HAL_Driver/Src/stm32f4xx_hal_i2c.o
 .text.I2C_WaitOnBTFFlagUntilTimeout
                0x08005224       0x90 ./Drivers/STM32F4xx_HAL_Driver/Src/stm32f4xx_hal_i2c.o
 .text.I2C_WaitOnSTOPRequestThroughIT
                0x080052b4       0x64 ./Drivers/STM32F4xx_HAL_Driver/Src/stm32f4xx_hal_i2c.o
 .text.I2C_IsAcknowledgeFailed
                0x08005318       0x5e ./Drivers/STM32F4xx_HAL_Driver/Src/stm32f4xx_hal_i2c.o
 .text.I2C_ConvertOtherXferOptions
                0x08005376       0x36 ./Drivers/STM32F4xx_HAL_Driver/Src/stm32f4xx_hal_i2c.o
 .text.HAL_RCC_ClockConfig
                0x080053ac      0x1cc ./Drivers/STM32F4xx_HAL_Driver/Src/stm32f4xx_hal_rcc.o
                0x080053ac                HAL_RCC_ClockConfig
 .text.HAL_RCC_GetHCLKFreq
                0x08005578       0x18 ./Drivers/STM32F4xx_HAL_Driver/Src/stm32f4xx_hal_rcc.o
                0x08005578                HAL_RCC_GetHCLKFreq
 .text.HAL_RCC_GetPCLK1Freq
                0x08005590       0x28 ./Drivers/STM32F4xx_HAL_Driver/Src/stm32f4xx_hal_rcc.o
                0x08005590                HAL_RCC_GetPCLK1Freq
 .text.HAL_RCC_GetPCLK2Freq
                0x080055b8       0x28 ./Drivers/STM32F4xx_HAL_Driver/Src/stm32f4xx_hal_rcc.o
                0x080055b8                HAL_RCC_GetPCLK2Freq
 .text.HAL_RCC_GetSysClockFreq
                0x080055e0      0x460 ./Drivers/STM32F4xx_HAL_Driver/Src/stm32f4xx_hal_rcc_ex.o
                0x080055e0                HAL_RCC_GetSysClockFreq
 .text.HAL_RCC_OscConfig
                0x08005a40      0x53c ./Drivers/STM32F4xx_HAL_Driver/Src/stm32f4xx_hal_rcc_ex.o
                0x08005a40                HAL_RCC_OscConfig
 .text.HAL_SPI_Init
                0x08005f7c      0x112 ./Drivers/STM32F4xx_HAL_Driver/Src/stm32f4xx_hal_spi.o
                0x08005f7c                HAL_SPI_Init
 .text.HAL_SPI_Transmit
                0x0800608e      0x288 ./Drivers/STM32F4xx_HAL_Driver/Src/stm32f4xx_hal_spi.o
                0x0800608e                HAL_SPI_Transmit
 *fill*         0x08006316        0x2 
 .text.HAL_SPI_TransmitReceive_DMA
                0x08006318      0x1f8 ./Drivers/STM32F4xx_HAL_Driver/Src/stm32f4xx_hal_spi.o
                0x08006318                HAL_SPI_TransmitReceive_DMA
 .text.HAL_SPI_IRQHandler
                0x08006510      0x1e8 ./Drivers/STM32F4xx_HAL_Driver/Src/stm32f4xx_hal_spi.o
                0x08006510                HAL_SPI_IRQHandler
 .text.HAL_SPI_RxCpltCallback
                0x080066f8       0x14 ./Drivers/STM32F4xx_HAL_Driver/Src/stm32f4xx_hal_spi.o
                0x080066f8                HAL_SPI_RxCpltCallback
 .text.HAL_SPI_RxHalfCpltCallback
                0x0800670c       0x14 ./Drivers/STM32F4xx_HAL_Driver/Src/stm32f4xx_hal_spi.o
                0x0800670c                HAL_SPI_RxHalfCpltCallback
 .text.HAL_SPI_TxRxHalfCpltCallback
                0x08006720       0x14 ./Drivers/STM32F4xx_HAL_Driver/Src/stm32f4xx_hal_spi.o
                0x08006720                HAL_SPI_TxRxHalfCpltCallback
 .text.HAL_SPI_ErrorCallback
                0x08006734       0x14 ./Drivers/STM32F4xx_HAL_Driver/Src/stm32f4xx_hal_spi.o
                0x08006734                HAL_SPI_ErrorCallback
 .text.SPI_DMAReceiveCplt
                0x08006748       0xa8 ./Drivers/STM32F4xx_HAL_Driver/Src/stm32f4xx_hal_spi.o
 .text.SPI_DMATransmitReceiveCplt
                0x080067f0       0x90 ./Drivers/STM32F4xx_HAL_Driver/Src/stm32f4xx_hal_spi.o
 .text.SPI_DMAHalfReceiveCplt
                0x08006880       0x1c ./Drivers/STM32F4xx_HAL_Driver/Src/stm32f4xx_hal_spi.o
 .text.SPI_DMAHalfTransmitReceiveCplt
                0x0800689c       0x1c ./Drivers/STM32F4xx_HAL_Driver/Src/stm32f4xx_hal_spi.o
 .text.SPI_DMAError
                0x080068b8       0x40 ./Drivers/STM32F4xx_HAL_Driver/Src/stm32f4xx_hal_spi.o
 .text.SPI_DMAAbortOnError
                0x080068f8       0x28 ./Drivers/STM32F4xx_HAL_Driver/Src/stm32f4xx_hal_spi.o
 .text.SPI_WaitFlagStateUntilTimeout
                0x08006920      0x110 ./Drivers/STM32F4xx_HAL_Driver/Src/stm32f4xx_hal_spi.o
 .text.SPI_EndRxTransaction
                0x08006a30       0xca ./Drivers/STM32F4xx_HAL_Driver/Src/stm32f4xx_hal_spi.o
 *fill*         0x08006afa        0x2 
 .text.SPI_EndRxTxTransaction
                0x08006afc       0xa8 ./Drivers/STM32F4xx_HAL_Driver/Src/stm32f4xx_hal_spi.o
 .text.HAL_UART_Init
                0x08006ba4       0xa0 ./Drivers/STM32F4xx_HAL_Driver/Src/stm32f4xx_hal_uart.o
                0x08006ba4                HAL_UART_Init
 .text.HAL_UART_IRQHandler
                0x08006c44      0x554 ./Drivers/STM32F4xx_HAL_Driver/Src/stm32f4xx_hal_uart.o
                0x08006c44                HAL_UART_IRQHandler
 .text.HAL_UART_TxCpltCallback
                0x08007198       0x14 ./Drivers/STM32F4xx_HAL_Driver/Src/stm32f4xx_hal_uart.o
                0x08007198                HAL_UART_TxCpltCallback
 .text.HAL_UART_RxCpltCallback
                0x080071ac       0x14 ./Drivers/STM32F4xx_HAL_Driver/Src/stm32f4xx_hal_uart.o
                0x080071ac                HAL_UART_RxCpltCallback
 .text.HAL_UART_ErrorCallback
                0x080071c0       0x14 ./Drivers/STM32F4xx_HAL_Driver/Src/stm32f4xx_hal_uart.o
                0x080071c0                HAL_UART_ErrorCallback
 .text.HAL_UARTEx_RxEventCallback
                0x080071d4       0x18 ./Drivers/STM32F4xx_HAL_Driver/Src/stm32f4xx_hal_uart.o
                0x080071d4                HAL_UARTEx_RxEventCallback
 .text.UART_EndRxTransfer
                0x080071ec       0xc6 ./Drivers/STM32F4xx_HAL_Driver/Src/stm32f4xx_hal_uart.o
 .text.UART_DMAAbortOnError
                0x080072b2       0x22 ./Drivers/STM32F4xx_HAL_Driver/Src/stm32f4xx_hal_uart.o
 .text.UART_Transmit_IT
                0x080072d4       0xa0 ./Drivers/STM32F4xx_HAL_Driver/Src/stm32f4xx_hal_uart.o
 .text.UART_EndTransmit_IT
                0x08007374       0x30 ./Drivers/STM32F4xx_HAL_Driver/Src/stm32f4xx_hal_uart.o
 .text.UART_Receive_IT
                0x080073a4      0x17c ./Drivers/STM32F4xx_HAL_Driver/Src/stm32f4xx_hal_uart.o
 .text.UART_SetConfig
                0x08007520      0x4e8 ./Drivers/STM32F4xx_HAL_Driver/Src/stm32f4xx_hal_uart.o
 .text.memset   0x08007a08       0x10 C:/ST/STM32CubeIDE_1.16.1/STM32CubeIDE/plugins/com.st.stm32cube.ide.mcu.externaltools.gnu-tools-for-stm32.12.3.rel1.win32_1.0.200.202406191623/tools/bin/../lib/gcc/arm-none-eabi/12.3.1/../../../../arm-none-eabi/lib/thumb/v7e-m+fp/hard\libc_nano.a(libc_a-memset.o)
                0x08007a08                memset
 .text.__libc_init_array
                0x08007a18       0x48 C:/ST/STM32CubeIDE_1.16.1/STM32CubeIDE/plugins/com.st.stm32cube.ide.mcu.externaltools.gnu-tools-for-stm32.12.3.rel1.win32_1.0.200.202406191623/tools/bin/../lib/gcc/arm-none-eabi/12.3.1/../../../../arm-none-eabi/lib/thumb/v7e-m+fp/hard\libc_nano.a(libc_a-init.o)
                0x08007a18                __libc_init_array
 .text.memcpy   0x08007a60       0x1c C:/ST/STM32CubeIDE_1.16.1/STM32CubeIDE/plugins/com.st.stm32cube.ide.mcu.externaltools.gnu-tools-for-stm32.12.3.rel1.win32_1.0.200.202406191623/tools/bin/../lib/gcc/arm-none-eabi/12.3.1/../../../../arm-none-eabi/lib/thumb/v7e-m+fp/hard\libc_nano.a(libc_a-memcpy-stub.o)
                0x08007a60                memcpy
 *(.glue_7)
 .glue_7        0x08007a7c        0x0 linker stubs
 *(.glue_7t)
 .glue_7t       0x08007a7c        0x0 linker stubs
 *(.eh_frame)
 .eh_frame      0x08007a7c        0x0 C:/ST/STM32CubeIDE_1.16.1/STM32CubeIDE/plugins/com.st.stm32cube.ide.mcu.externaltools.gnu-tools-for-stm32.12.3.rel1.win32_1.0.200.202406191623/tools/bin/../lib/gcc/arm-none-eabi/12.3.1/thumb/v7e-m+fp/hard/crtbegin.o
 *(.init)
 .init          0x08007a7c        0x4 C:/ST/STM32CubeIDE_1.16.1/STM32CubeIDE/plugins/com.st.stm32cube.ide.mcu.externaltools.gnu-tools-for-stm32.12.3.rel1.win32_1.0.200.202406191623/tools/bin/../lib/gcc/arm-none-eabi/12.3.1/thumb/v7e-m+fp/hard/crti.o
                0x08007a7c                _init
 .init          0x08007a80        0x8 C:/ST/STM32CubeIDE_1.16.1/STM32CubeIDE/plugins/com.st.stm32cube.ide.mcu.externaltools.gnu-tools-for-stm32.12.3.rel1.win32_1.0.200.202406191623/tools/bin/../lib/gcc/arm-none-eabi/12.3.1/thumb/v7e-m+fp/hard/crtn.o
 *(.fini)
 .fini          0x08007a88        0x4 C:/ST/STM32CubeIDE_1.16.1/STM32CubeIDE/plugins/com.st.stm32cube.ide.mcu.externaltools.gnu-tools-for-stm32.12.3.rel1.win32_1.0.200.202406191623/tools/bin/../lib/gcc/arm-none-eabi/12.3.1/thumb/v7e-m+fp/hard/crti.o
                0x08007a88                _fini
 .fini          0x08007a8c        0x8 C:/ST/STM32CubeIDE_1.16.1/STM32CubeIDE/plugins/com.st.stm32cube.ide.mcu.externaltools.gnu-tools-for-stm32.12.3.rel1.win32_1.0.200.202406191623/tools/bin/../lib/gcc/arm-none-eabi/12.3.1/thumb/v7e-m+fp/hard/crtn.o
                0x08007a94                        . = ALIGN (0x4)
                0x08007a94                        _etext = .

.vfp11_veneer   0x08007a94        0x0
 .vfp11_veneer  0x08007a94        0x0 linker stubs

.v4_bx          0x08007a94        0x0
 .v4_bx         0x08007a94        0x0 linker stubs

.iplt           0x08007a94        0x0
 .iplt          0x08007a94        0x0 C:/ST/STM32CubeIDE_1.16.1/STM32CubeIDE/plugins/com.st.stm32cube.ide.mcu.externaltools.gnu-tools-for-stm32.12.3.rel1.win32_1.0.200.202406191623/tools/bin/../lib/gcc/arm-none-eabi/12.3.1/thumb/v7e-m+fp/hard/crtbegin.o

.rodata         0x08007a94       0x44
                0x08007a94                        . = ALIGN (0x4)
 *(.rodata)
 .rodata        0x08007a94       0x21 ./Core/Src/Lcd.o
 *(.rodata*)
 *fill*         0x08007ab5        0x3 
 .rodata.AHBPrescTable
                0x08007ab8       0x10 ./Core/Src/system_stm32f4xx.o
                0x08007ab8                AHBPrescTable
 .rodata.APBPrescTable
                0x08007ac8        0x8 ./Core/Src/system_stm32f4xx.o
                0x08007ac8                APBPrescTable
 .rodata.flagBitshiftOffset.0
                0x08007ad0        0x8 ./Drivers/STM32F4xx_HAL_Driver/Src/stm32f4xx_hal_dma.o
                0x08007ad8                        . = ALIGN (0x4)

.ARM.extab      0x08007ad8        0x0
                0x08007ad8                        . = ALIGN (0x4)
 *(.ARM.extab* .gnu.linkonce.armextab.*)
                0x08007ad8                        . = ALIGN (0x4)

.ARM            0x08007ad8        0x8
                0x08007ad8                        . = ALIGN (0x4)
                0x08007ad8                        __exidx_start = .
 *(.ARM.exidx*)
 .ARM.exidx     0x08007ad8        0x8 C:/ST/STM32CubeIDE_1.16.1/STM32CubeIDE/plugins/com.st.stm32cube.ide.mcu.externaltools.gnu-tools-for-stm32.12.3.rel1.win32_1.0.200.202406191623/tools/bin/../lib/gcc/arm-none-eabi/12.3.1/../../../../arm-none-eabi/lib/thumb/v7e-m+fp/hard\libc_nano.a(libc_a-strlen.o)
 .ARM.exidx     0x08007ae0        0x0 C:/ST/STM32CubeIDE_1.16.1/STM32CubeIDE/plugins/com.st.stm32cube.ide.mcu.externaltools.gnu-tools-for-stm32.12.3.rel1.win32_1.0.200.202406191623/tools/bin/../lib/gcc/arm-none-eabi/12.3.1/thumb/v7e-m+fp/hard\libgcc.a(_udivmoddi4.o)
                                  0x8 (size before relaxing)
                0x08007ae0                        __exidx_end = .
                0x08007ae0                        . = ALIGN (0x4)

.preinit_array  0x08007ae0        0x0
                0x08007ae0                        . = ALIGN (0x4)
                0x08007ae0                        PROVIDE (__preinit_array_start = .)
 *(.preinit_array*)
                0x08007ae0                        PROVIDE (__preinit_array_end = .)
                0x08007ae0                        . = ALIGN (0x4)

.init_array     0x08007ae0        0x4
                0x08007ae0                        . = ALIGN (0x4)
                0x08007ae0                        PROVIDE (__init_array_start = .)
 *(SORT_BY_NAME(.init_array.*))
 *(.init_array*)
 .init_array    0x08007ae0        0x4 C:/ST/STM32CubeIDE_1.16.1/STM32CubeIDE/plugins/com.st.stm32cube.ide.mcu.externaltools.gnu-tools-for-stm32.12.3.rel1.win32_1.0.200.202406191623/tools/bin/../lib/gcc/arm-none-eabi/12.3.1/thumb/v7e-m+fp/hard/crtbegin.o
                0x08007ae4                        PROVIDE (__init_array_end = .)
                0x08007ae4                        . = ALIGN (0x4)

.fini_array     0x08007ae4        0x4
                0x08007ae4                        . = ALIGN (0x4)
                [!provide]                        PROVIDE (__fini_array_start = .)
 *(SORT_BY_NAME(.fini_array.*))
 *(.fini_array*)
 .fini_array    0x08007ae4        0x4 C:/ST/STM32CubeIDE_1.16.1/STM32CubeIDE/plugins/com.st.stm32cube.ide.mcu.externaltools.gnu-tools-for-stm32.12.3.rel1.win32_1.0.200.202406191623/tools/bin/../lib/gcc/arm-none-eabi/12.3.1/thumb/v7e-m+fp/hard/crtbegin.o
                [!provide]                        PROVIDE (__fini_array_end = .)
                0x08007ae8                        . = ALIGN (0x4)
                0x08007ae8                        _sidata = LOADADDR (.data)

.rel.dyn        0x08007ae8        0x0
 .rel.iplt      0x08007ae8        0x0 C:/ST/STM32CubeIDE_1.16.1/STM32CubeIDE/plugins/com.st.stm32cube.ide.mcu.externaltools.gnu-tools-for-stm32.12.3.rel1.win32_1.0.200.202406191623/tools/bin/../lib/gcc/arm-none-eabi/12.3.1/thumb/v7e-m+fp/hard/crtbegin.o

.data           0x20000000       0x10 load address 0x08007ae8
                0x20000000                        . = ALIGN (0x4)
                0x20000000                        _sdata = .
 *(.data)
 *(.data*)
 .data.mNrfCase
                0x20000000        0x1 ./Core/Src/Nrf2401Plus.o
                0x20000000                mNrfCase
 *fill*         0x20000001        0x3 
 .data.SystemCoreClock
                0x20000004        0x4 ./Core/Src/system_stm32f4xx.o
                0x20000004                SystemCoreClock
 .data.uwTickPrio
                0x20000008        0x4 ./Drivers/STM32F4xx_HAL_Driver/Src/stm32f4xx_hal.o
                0x20000008                uwTickPrio
 .data.uwTickFreq
                0x2000000c        0x1 ./Drivers/STM32F4xx_HAL_Driver/Src/stm32f4xx_hal.o
                0x2000000c                uwTickFreq
 *(.RamFunc)
 *(.RamFunc*)
                0x20000010                        . = ALIGN (0x4)
 *fill*         0x2000000d        0x3 
                0x20000010                        _edata = .

.igot.plt       0x20000010        0x0 load address 0x08007af8
 .igot.plt      0x20000010        0x0 C:/ST/STM32CubeIDE_1.16.1/STM32CubeIDE/plugins/com.st.stm32cube.ide.mcu.externaltools.gnu-tools-for-stm32.12.3.rel1.win32_1.0.200.202406191623/tools/bin/../lib/gcc/arm-none-eabi/12.3.1/thumb/v7e-m+fp/hard/crtbegin.o
                0x20000010                        . = ALIGN (0x4)

.bss            0x20000010      0x52c load address 0x08007af8
                0x20000010                        _sbss = .
                0x20000010                        __bss_start__ = _sbss
 *(.bss)
 .bss           0x20000010       0x1c C:/ST/STM32CubeIDE_1.16.1/STM32CubeIDE/plugins/com.st.stm32cube.ide.mcu.externaltools.gnu-tools-for-stm32.12.3.rel1.win32_1.0.200.202406191623/tools/bin/../lib/gcc/arm-none-eabi/12.3.1/thumb/v7e-m+fp/hard/crtbegin.o
 *(.bss*)
 .bss.mLcd      0x2000002c       0x80 ./Core/Src/Lcd.o
                0x2000002c                mLcd
 .bss.mNrfCom   0x200000ac       0x4c ./Core/Src/Nrf2401Plus.o
                0x200000ac                mNrfCom
 .bss.holdingtimeNrf
                0x200000f8        0x4 ./Core/Src/Nrf2401Plus.o
                0x200000f8                holdingtimeNrf
 .bss.NrfChipSelectPort
                0x200000fc        0x4 ./Core/Src/Nrf2401Plus.o
                0x200000fc                NrfChipSelectPort
 .bss.NrfChipSelectPinNum
                0x20000100        0x2 ./Core/Src/Nrf2401Plus.o
                0x20000100                NrfChipSelectPinNum
 *fill*         0x20000102        0x2 
 .bss.NrfChipEnPort
                0x20000104        0x4 ./Core/Src/Nrf2401Plus.o
                0x20000104                NrfChipEnPort
 .bss.NrfChipEnablePinNum
                0x20000108        0x2 ./Core/Src/Nrf2401Plus.o
                0x20000108                NrfChipEnablePinNum
 *fill*         0x2000010a        0x2 
 .bss.mSpi      0x2000010c        0x4 ./Core/Src/Nrf2401Plus.o
                0x2000010c                mSpi
 .bss.hi2c1     0x20000110       0x54 ./Core/Src/i2c.o
                0x20000110                hi2c1
 .bss.hi2c2     0x20000164       0x54 ./Core/Src/i2c.o
                0x20000164                hi2c2
 .bss.hdma_i2c1_rx
                0x200001b8       0x60 ./Core/Src/i2c.o
                0x200001b8                hdma_i2c1_rx
 .bss.hdma_i2c1_tx
                0x20000218       0x60 ./Core/Src/i2c.o
                0x20000218                hdma_i2c1_tx
 .bss.hdma_i2c2_rx
                0x20000278       0x60 ./Core/Src/i2c.o
                0x20000278                hdma_i2c2_rx
 .bss.hdma_i2c2_tx
                0x200002d8       0x60 ./Core/Src/i2c.o
                0x200002d8                hdma_i2c2_tx
 .bss.hspi2     0x20000338       0x58 ./Core/Src/spi.o
                0x20000338                hspi2
 .bss.hspi3     0x20000390       0x58 ./Core/Src/spi.o
                0x20000390                hspi3
 .bss.hdma_spi2_rx
                0x200003e8       0x60 ./Core/Src/spi.o
                0x200003e8                hdma_spi2_rx
 .bss.hdma_spi2_tx
                0x20000448       0x60 ./Core/Src/spi.o
                0x20000448                hdma_spi2_tx
 .bss.huart1    0x200004a8       0x48 ./Core/Src/usart.o
                0x200004a8                huart1
 .bss.huart2    0x200004f0       0x48 ./Core/Src/usart.o
                0x200004f0                huart2
 .bss.uwTick    0x20000538        0x4 ./Drivers/STM32F4xx_HAL_Driver/Src/stm32f4xx_hal.o
                0x20000538                uwTick
 *(COMMON)
                0x2000053c                        . = ALIGN (0x4)
                0x2000053c                        _ebss = .
                0x2000053c                        __bss_end__ = _ebss

._user_heap_stack
                0x2000053c      0x604 load address 0x08007af8
                0x20000540                        . = ALIGN (0x8)
 *fill*         0x2000053c        0x4 
                [!provide]                        PROVIDE (end = .)
                0x20000540                        PROVIDE (_end = .)
                0x20000740                        . = (. + _Min_Heap_Size)
 *fill*         0x20000540      0x200 
                0x20000b40                        . = (. + _Min_Stack_Size)
 *fill*         0x20000740      0x400 
                0x20000b40                        . = ALIGN (0x8)

/DISCARD/
 libc.a(*)
 libm.a(*)
 libgcc.a(*)

.ARM.attributes
                0x00000000       0x30
 *(.ARM.attributes)
 .ARM.attributes
                0x00000000       0x22 C:/ST/STM32CubeIDE_1.16.1/STM32CubeIDE/plugins/com.st.stm32cube.ide.mcu.externaltools.gnu-tools-for-stm32.12.3.rel1.win32_1.0.200.202406191623/tools/bin/../lib/gcc/arm-none-eabi/12.3.1/thumb/v7e-m+fp/hard/crti.o
 .ARM.attributes
                0x00000022       0x34 C:/ST/STM32CubeIDE_1.16.1/STM32CubeIDE/plugins/com.st.stm32cube.ide.mcu.externaltools.gnu-tools-for-stm32.12.3.rel1.win32_1.0.200.202406191623/tools/bin/../lib/gcc/arm-none-eabi/12.3.1/thumb/v7e-m+fp/hard/crtbegin.o
 .ARM.attributes
                0x00000056       0x34 ./Core/Src/Lcd.o
 .ARM.attributes
                0x0000008a       0x34 ./Core/Src/Nrf2401Plus.o
 .ARM.attributes
                0x000000be       0x34 ./Core/Src/dma.o
 .ARM.attributes
                0x000000f2       0x34 ./Core/Src/gpio.o
 .ARM.attributes
                0x00000126       0x34 ./Core/Src/i2c.o
 .ARM.attributes
                0x0000015a       0x34 ./Core/Src/main.o
 .ARM.attributes
                0x0000018e       0x34 ./Core/Src/spi.o
 .ARM.attributes
                0x000001c2       0x34 ./Core/Src/stm32f4xx_hal_msp.o
 .ARM.attributes
                0x000001f6       0x34 ./Core/Src/stm32f4xx_it.o
 .ARM.attributes
                0x0000022a       0x34 ./Core/Src/system_stm32f4xx.o
 .ARM.attributes
                0x0000025e       0x34 ./Core/Src/usart.o
 .ARM.attributes
                0x00000292       0x21 ./Core/Startup/startup_stm32f446retx.o
 .ARM.attributes
                0x000002b3       0x34 ./Drivers/STM32F4xx_HAL_Driver/Src/stm32f4xx_hal.o
 .ARM.attributes
                0x000002e7       0x34 ./Drivers/STM32F4xx_HAL_Driver/Src/stm32f4xx_hal_cortex.o
 .ARM.attributes
                0x0000031b       0x34 ./Drivers/STM32F4xx_HAL_Driver/Src/stm32f4xx_hal_dma.o
 .ARM.attributes
                0x0000034f       0x34 ./Drivers/STM32F4xx_HAL_Driver/Src/stm32f4xx_hal_gpio.o
 .ARM.attributes
                0x00000383       0x34 ./Drivers/STM32F4xx_HAL_Driver/Src/stm32f4xx_hal_i2c.o
 .ARM.attributes
                0x000003b7       0x34 ./Drivers/STM32F4xx_HAL_Driver/Src/stm32f4xx_hal_rcc.o
 .ARM.attributes
                0x000003eb       0x34 ./Drivers/STM32F4xx_HAL_Driver/Src/stm32f4xx_hal_rcc_ex.o
 .ARM.attributes
                0x0000041f       0x34 ./Drivers/STM32F4xx_HAL_Driver/Src/stm32f4xx_hal_spi.o
 .ARM.attributes
                0x00000453       0x34 ./Drivers/STM32F4xx_HAL_Driver/Src/stm32f4xx_hal_uart.o
 .ARM.attributes
                0x00000487       0x34 C:/ST/STM32CubeIDE_1.16.1/STM32CubeIDE/plugins/com.st.stm32cube.ide.mcu.externaltools.gnu-tools-for-stm32.12.3.rel1.win32_1.0.200.202406191623/tools/bin/../lib/gcc/arm-none-eabi/12.3.1/../../../../arm-none-eabi/lib/thumb/v7e-m+fp/hard\libc_nano.a(libc_a-memset.o)
 .ARM.attributes
                0x000004bb       0x34 C:/ST/STM32CubeIDE_1.16.1/STM32CubeIDE/plugins/com.st.stm32cube.ide.mcu.externaltools.gnu-tools-for-stm32.12.3.rel1.win32_1.0.200.202406191623/tools/bin/../lib/gcc/arm-none-eabi/12.3.1/../../../../arm-none-eabi/lib/thumb/v7e-m+fp/hard\libc_nano.a(libc_a-init.o)
 .ARM.attributes
                0x000004ef       0x34 C:/ST/STM32CubeIDE_1.16.1/STM32CubeIDE/plugins/com.st.stm32cube.ide.mcu.externaltools.gnu-tools-for-stm32.12.3.rel1.win32_1.0.200.202406191623/tools/bin/../lib/gcc/arm-none-eabi/12.3.1/../../../../arm-none-eabi/lib/thumb/v7e-m+fp/hard\libc_nano.a(libc_a-memcpy-stub.o)
 .ARM.attributes
                0x00000523       0x17 C:/ST/STM32CubeIDE_1.16.1/STM32CubeIDE/plugins/com.st.stm32cube.ide.mcu.externaltools.gnu-tools-for-stm32.12.3.rel1.win32_1.0.200.202406191623/tools/bin/../lib/gcc/arm-none-eabi/12.3.1/../../../../arm-none-eabi/lib/thumb/v7e-m+fp/hard\libc_nano.a(libc_a-strlen.o)
 .ARM.attributes
                0x0000053a       0x22 C:/ST/STM32CubeIDE_1.16.1/STM32CubeIDE/plugins/com.st.stm32cube.ide.mcu.externaltools.gnu-tools-for-stm32.12.3.rel1.win32_1.0.200.202406191623/tools/bin/../lib/gcc/arm-none-eabi/12.3.1/thumb/v7e-m+fp/hard\libgcc.a(_aeabi_uldivmod.o)
 .ARM.attributes
                0x0000055c       0x34 C:/ST/STM32CubeIDE_1.16.1/STM32CubeIDE/plugins/com.st.stm32cube.ide.mcu.externaltools.gnu-tools-for-stm32.12.3.rel1.win32_1.0.200.202406191623/tools/bin/../lib/gcc/arm-none-eabi/12.3.1/thumb/v7e-m+fp/hard\libgcc.a(_udivmoddi4.o)
 .ARM.attributes
                0x00000590       0x22 C:/ST/STM32CubeIDE_1.16.1/STM32CubeIDE/plugins/com.st.stm32cube.ide.mcu.externaltools.gnu-tools-for-stm32.12.3.rel1.win32_1.0.200.202406191623/tools/bin/../lib/gcc/arm-none-eabi/12.3.1/thumb/v7e-m+fp/hard\libgcc.a(_dvmd_tls.o)
 .ARM.attributes
                0x000005b2       0x22 C:/ST/STM32CubeIDE_1.16.1/STM32CubeIDE/plugins/com.st.stm32cube.ide.mcu.externaltools.gnu-tools-for-stm32.12.3.rel1.win32_1.0.200.202406191623/tools/bin/../lib/gcc/arm-none-eabi/12.3.1/thumb/v7e-m+fp/hard/crtn.o
OUTPUT(Control_Center.elf elf32-littlearm)
LOAD linker stubs
LOAD C:/ST/STM32CubeIDE_1.16.1/STM32CubeIDE/plugins/com.st.stm32cube.ide.mcu.externaltools.gnu-tools-for-stm32.12.3.rel1.win32_1.0.200.202406191623/tools/bin/../lib/gcc/arm-none-eabi/12.3.1/../../../../arm-none-eabi/lib/thumb/v7e-m+fp/hard\libc.a
LOAD C:/ST/STM32CubeIDE_1.16.1/STM32CubeIDE/plugins/com.st.stm32cube.ide.mcu.externaltools.gnu-tools-for-stm32.12.3.rel1.win32_1.0.200.202406191623/tools/bin/../lib/gcc/arm-none-eabi/12.3.1/../../../../arm-none-eabi/lib/thumb/v7e-m+fp/hard\libm.a
LOAD C:/ST/STM32CubeIDE_1.16.1/STM32CubeIDE/plugins/com.st.stm32cube.ide.mcu.externaltools.gnu-tools-for-stm32.12.3.rel1.win32_1.0.200.202406191623/tools/bin/../lib/gcc/arm-none-eabi/12.3.1/thumb/v7e-m+fp/hard\libgcc.a

.debug_info     0x00000000    0x24b39
 .debug_info    0x00000000     0x4eb0 ./Core/Src/Lcd.o
 .debug_info    0x00004eb0     0x80e1 ./Core/Src/Nrf2401Plus.o
 .debug_info    0x0000cf91      0x4fb ./Core/Src/dma.o
 .debug_info    0x0000d48c      0x439 ./Core/Src/gpio.o
 .debug_info    0x0000d8c5     0x540f ./Core/Src/i2c.o
 .debug_info    0x00012cd4     0x2b21 ./Core/Src/main.o
 .debug_info    0x000157f5     0x1046 ./Core/Src/spi.o
 .debug_info    0x0001683b      0x2ac ./Core/Src/stm32f4xx_hal_msp.o
 .debug_info    0x00016ae7     0x2c7b ./Core/Src/stm32f4xx_it.o
 .debug_info    0x00019762      0x54a ./Core/Src/system_stm32f4xx.o
 .debug_info    0x00019cac      0xc33 ./Core/Src/usart.o
 .debug_info    0x0001a8df       0x30 ./Core/Startup/startup_stm32f446retx.o
 .debug_info    0x0001a90f      0x99a ./Drivers/STM32F4xx_HAL_Driver/Src/stm32f4xx_hal.o
 .debug_info    0x0001b2a9      0xdaa ./Drivers/STM32F4xx_HAL_Driver/Src/stm32f4xx_hal_cortex.o
 .debug_info    0x0001c053      0x8e7 ./Drivers/STM32F4xx_HAL_Driver/Src/stm32f4xx_hal_dma.o
 .debug_info    0x0001c93a      0x70b ./Drivers/STM32F4xx_HAL_Driver/Src/stm32f4xx_hal_gpio.o
 .debug_info    0x0001d045     0x2421 ./Drivers/STM32F4xx_HAL_Driver/Src/stm32f4xx_hal_i2c.o
 .debug_info    0x0001f466      0x8ff ./Drivers/STM32F4xx_HAL_Driver/Src/stm32f4xx_hal_rcc.o
 .debug_info    0x0001fd65      0x960 ./Drivers/STM32F4xx_HAL_Driver/Src/stm32f4xx_hal_rcc_ex.o
 .debug_info    0x000206c5     0x1525 ./Drivers/STM32F4xx_HAL_Driver/Src/stm32f4xx_hal_spi.o
 .debug_info    0x00021bea     0x2f4f ./Drivers/STM32F4xx_HAL_Driver/Src/stm32f4xx_hal_uart.o

.debug_abbrev   0x00000000     0x3ee1
 .debug_abbrev  0x00000000      0x6b7 ./Core/Src/Lcd.o
 .debug_abbrev  0x000006b7      0x910 ./Core/Src/Nrf2401Plus.o
 .debug_abbrev  0x00000fc7      0x10e ./Core/Src/dma.o
 .debug_abbrev  0x000010d5      0x152 ./Core/Src/gpio.o
 .debug_abbrev  0x00001227      0x72e ./Core/Src/i2c.o
 .debug_abbrev  0x00001955      0x44b ./Core/Src/main.o
 .debug_abbrev  0x00001da0      0x29e ./Core/Src/spi.o
 .debug_abbrev  0x0000203e       0xf4 ./Core/Src/stm32f4xx_hal_msp.o
 .debug_abbrev  0x00002132      0x3ed ./Core/Src/stm32f4xx_it.o
 .debug_abbrev  0x0000251f      0x11a ./Core/Src/system_stm32f4xx.o
 .debug_abbrev  0x00002639      0x21e ./Core/Src/usart.o
 .debug_abbrev  0x00002857       0x24 ./Core/Startup/startup_stm32f446retx.o
 .debug_abbrev  0x0000287b      0x214 ./Drivers/STM32F4xx_HAL_Driver/Src/stm32f4xx_hal.o
 .debug_abbrev  0x00002a8f      0x31d ./Drivers/STM32F4xx_HAL_Driver/Src/stm32f4xx_hal_cortex.o
 .debug_abbrev  0x00002dac      0x264 ./Drivers/STM32F4xx_HAL_Driver/Src/stm32f4xx_hal_dma.o
 .debug_abbrev  0x00003010      0x1d4 ./Drivers/STM32F4xx_HAL_Driver/Src/stm32f4xx_hal_gpio.o
 .debug_abbrev  0x000031e4      0x2ad ./Drivers/STM32F4xx_HAL_Driver/Src/stm32f4xx_hal_i2c.o
 .debug_abbrev  0x00003491      0x2b7 ./Drivers/STM32F4xx_HAL_Driver/Src/stm32f4xx_hal_rcc.o
 .debug_abbrev  0x00003748      0x211 ./Drivers/STM32F4xx_HAL_Driver/Src/stm32f4xx_hal_rcc_ex.o
 .debug_abbrev  0x00003959      0x27a ./Drivers/STM32F4xx_HAL_Driver/Src/stm32f4xx_hal_spi.o
 .debug_abbrev  0x00003bd3      0x30e ./Drivers/STM32F4xx_HAL_Driver/Src/stm32f4xx_hal_uart.o

.debug_aranges  0x00000000      0xe00
 .debug_aranges
                0x00000000       0x48 ./Core/Src/Lcd.o
 .debug_aranges
                0x00000048       0xe0 ./Core/Src/Nrf2401Plus.o
 .debug_aranges
                0x00000128       0x20 ./Core/Src/dma.o
 .debug_aranges
                0x00000148       0x20 ./Core/Src/gpio.o
 .debug_aranges
                0x00000168       0x40 ./Core/Src/i2c.o
 .debug_aranges
                0x000001a8       0x30 ./Core/Src/main.o
 .debug_aranges
                0x000001d8       0x40 ./Core/Src/spi.o
 .debug_aranges
                0x00000218       0x20 ./Core/Src/stm32f4xx_hal_msp.o
 .debug_aranges
                0x00000238       0xb8 ./Core/Src/stm32f4xx_it.o
 .debug_aranges
                0x000002f0       0x28 ./Core/Src/system_stm32f4xx.o
 .debug_aranges
                0x00000318       0x38 ./Core/Src/usart.o
 .debug_aranges
                0x00000350       0x28 ./Core/Startup/startup_stm32f446retx.o
 .debug_aranges
                0x00000378       0xf0 ./Drivers/STM32F4xx_HAL_Driver/Src/stm32f4xx_hal.o
 .debug_aranges
                0x00000468      0x130 ./Drivers/STM32F4xx_HAL_Driver/Src/stm32f4xx_hal_cortex.o
 .debug_aranges
                0x00000598       0x90 ./Drivers/STM32F4xx_HAL_Driver/Src/stm32f4xx_hal_dma.o
 .debug_aranges
                0x00000628       0x58 ./Drivers/STM32F4xx_HAL_Driver/Src/stm32f4xx_hal_gpio.o
 .debug_aranges
                0x00000680      0x2a8 ./Drivers/STM32F4xx_HAL_Driver/Src/stm32f4xx_hal_i2c.o
 .debug_aranges
                0x00000928       0x88 ./Drivers/STM32F4xx_HAL_Driver/Src/stm32f4xx_hal_rcc.o
 .debug_aranges
                0x000009b0       0x78 ./Drivers/STM32F4xx_HAL_Driver/Src/stm32f4xx_hal_rcc_ex.o
 .debug_aranges
                0x00000a28      0x1d0 ./Drivers/STM32F4xx_HAL_Driver/Src/stm32f4xx_hal_spi.o
 .debug_aranges
                0x00000bf8      0x208 ./Drivers/STM32F4xx_HAL_Driver/Src/stm32f4xx_hal_uart.o

.debug_rnglists
                0x00000000      0xada
 .debug_rnglists
                0x00000000       0x33 ./Core/Src/Lcd.o
 .debug_rnglists
                0x00000033       0xa9 ./Core/Src/Nrf2401Plus.o
 .debug_rnglists
                0x000000dc       0x14 ./Core/Src/dma.o
 .debug_rnglists
                0x000000f0       0x14 ./Core/Src/gpio.o
 .debug_rnglists
                0x00000104       0x2e ./Core/Src/i2c.o
 .debug_rnglists
                0x00000132       0x20 ./Core/Src/main.o
 .debug_rnglists
                0x00000152       0x2e ./Core/Src/spi.o
 .debug_rnglists
                0x00000180       0x13 ./Core/Src/stm32f4xx_hal_msp.o
 .debug_rnglists
                0x00000193       0x85 ./Core/Src/stm32f4xx_it.o
 .debug_rnglists
                0x00000218       0x1a ./Core/Src/system_stm32f4xx.o
 .debug_rnglists
                0x00000232       0x26 ./Core/Src/usart.o
 .debug_rnglists
                0x00000258       0x19 ./Core/Startup/startup_stm32f446retx.o
 .debug_rnglists
                0x00000271       0xaf ./Drivers/STM32F4xx_HAL_Driver/Src/stm32f4xx_hal.o
 .debug_rnglists
                0x00000320       0xe0 ./Drivers/STM32F4xx_HAL_Driver/Src/stm32f4xx_hal_cortex.o
 .debug_rnglists
                0x00000400       0x70 ./Drivers/STM32F4xx_HAL_Driver/Src/stm32f4xx_hal_dma.o
 .debug_rnglists
                0x00000470       0x3f ./Drivers/STM32F4xx_HAL_Driver/Src/stm32f4xx_hal_gpio.o
 .debug_rnglists
                0x000004af      0x23c ./Drivers/STM32F4xx_HAL_Driver/Src/stm32f4xx_hal_i2c.o
 .debug_rnglists
                0x000006eb       0x66 ./Drivers/STM32F4xx_HAL_Driver/Src/stm32f4xx_hal_rcc.o
 .debug_rnglists
                0x00000751       0x5e ./Drivers/STM32F4xx_HAL_Driver/Src/stm32f4xx_hal_rcc_ex.o
 .debug_rnglists
                0x000007af      0x16f ./Drivers/STM32F4xx_HAL_Driver/Src/stm32f4xx_hal_spi.o
 .debug_rnglists
                0x0000091e      0x1bc ./Drivers/STM32F4xx_HAL_Driver/Src/stm32f4xx_hal_uart.o

.debug_macro    0x00000000    0x26ad0
 .debug_macro   0x00000000      0x62d ./Core/Src/Lcd.o
 .debug_macro   0x0000062d      0xb8c ./Core/Src/Lcd.o
 .debug_macro   0x000011b9       0x1c ./Core/Src/Lcd.o
 .debug_macro   0x000011d5       0x22 ./Core/Src/Lcd.o
 .debug_macro   0x000011f7       0x8e ./Core/Src/Lcd.o
 .debug_macro   0x00001285       0x51 ./Core/Src/Lcd.o
 .debug_macro   0x000012d6      0x103 ./Core/Src/Lcd.o
 .debug_macro   0x000013d9       0x6a ./Core/Src/Lcd.o
 .debug_macro   0x00001443      0x1df ./Core/Src/Lcd.o
 .debug_macro   0x00001622      0x2a1 ./Core/Src/Lcd.o
 .debug_macro   0x000018c3       0x2e ./Core/Src/Lcd.o
 .debug_macro   0x000018f1       0x28 ./Core/Src/Lcd.o
 .debug_macro   0x00001919       0x1c ./Core/Src/Lcd.o
 .debug_macro   0x00001935       0x22 ./Core/Src/Lcd.o
 .debug_macro   0x00001957       0xfb ./Core/Src/Lcd.o
 .debug_macro   0x00001a52     0x1011 ./Core/Src/Lcd.o
 .debug_macro   0x00002a63      0x11f ./Core/Src/Lcd.o
 .debug_macro   0x00002b82    0x1675e ./Core/Src/Lcd.o
 .debug_macro   0x000192e0       0x6d ./Core/Src/Lcd.o
 .debug_macro   0x0001934d     0x3693 ./Core/Src/Lcd.o
 .debug_macro   0x0001c9e0      0x190 ./Core/Src/Lcd.o
 .debug_macro   0x0001cb70       0x5c ./Core/Src/Lcd.o
 .debug_macro   0x0001cbcc      0xca5 ./Core/Src/Lcd.o
 .debug_macro   0x0001d871      0x9e9 ./Core/Src/Lcd.o
 .debug_macro   0x0001e25a      0x115 ./Core/Src/Lcd.o
 .debug_macro   0x0001e36f      0x1a0 ./Core/Src/Lcd.o
 .debug_macro   0x0001e50f       0xa5 ./Core/Src/Lcd.o
 .debug_macro   0x0001e5b4      0x16d ./Core/Src/Lcd.o
 .debug_macro   0x0001e721      0x287 ./Core/Src/Lcd.o
 .debug_macro   0x0001e9a8       0x5f ./Core/Src/Lcd.o
 .debug_macro   0x0001ea07      0x236 ./Core/Src/Lcd.o
 .debug_macro   0x0001ec3d      0x132 ./Core/Src/Lcd.o
 .debug_macro   0x0001ed6f      0x29c ./Core/Src/Lcd.o
 .debug_macro   0x0001f00b       0x2e ./Core/Src/Lcd.o
 .debug_macro   0x0001f039      0x1b5 ./Core/Src/Lcd.o
 .debug_macro   0x0001f1ee       0x22 ./Core/Src/Lcd.o
 .debug_macro   0x0001f210       0xd6 ./Core/Src/Lcd.o
 .debug_macro   0x0001f2e6      0x127 ./Core/Src/Lcd.o
 .debug_macro   0x0001f40d       0xe8 ./Core/Src/Lcd.o
 .debug_macro   0x0001f4f5       0x89 ./Core/Src/Lcd.o
 .debug_macro   0x0001f57e      0x225 ./Core/Src/Lcd.o
 .debug_macro   0x0001f7a3      0x2aa ./Core/Src/Lcd.o
 .debug_macro   0x0001fa4d      0x126 ./Core/Src/Lcd.o
 .debug_macro   0x0001fb73       0x7c ./Core/Src/Lcd.o
 .debug_macro   0x0001fbef      0x1d6 ./Core/Src/Lcd.o
 .debug_macro   0x0001fdc5       0x10 ./Core/Src/Lcd.o
 .debug_macro   0x0001fdd5      0x417 ./Core/Src/Lcd.o
 .debug_macro   0x000201ec       0x61 ./Core/Src/Lcd.o
 .debug_macro   0x0002024d       0x2a ./Core/Src/Lcd.o
 .debug_macro   0x00020277       0x43 ./Core/Src/Lcd.o
 .debug_macro   0x000202ba       0x34 ./Core/Src/Lcd.o
 .debug_macro   0x000202ee       0x16 ./Core/Src/Lcd.o
 .debug_macro   0x00020304       0x43 ./Core/Src/Lcd.o
 .debug_macro   0x00020347       0x34 ./Core/Src/Lcd.o
 .debug_macro   0x0002037b       0x10 ./Core/Src/Lcd.o
 .debug_macro   0x0002038b       0x58 ./Core/Src/Lcd.o
 .debug_macro   0x000203e3       0x8e ./Core/Src/Lcd.o
 .debug_macro   0x00020471       0x16 ./Core/Src/Lcd.o
 .debug_macro   0x00020487      0x177 ./Core/Src/Lcd.o
 .debug_macro   0x000205fe       0x1c ./Core/Src/Lcd.o
 .debug_macro   0x0002061a       0x3c ./Core/Src/Lcd.o
 .debug_macro   0x00020656      0x38c ./Core/Src/Lcd.o
 .debug_macro   0x000209e2       0x10 ./Core/Src/Lcd.o
 .debug_macro   0x000209f2       0x10 ./Core/Src/Lcd.o
 .debug_macro   0x00020a02       0x33 ./Core/Src/Lcd.o
 .debug_macro   0x00020a35      0x173 ./Core/Src/Lcd.o
 .debug_macro   0x00020ba8       0x41 ./Core/Src/Lcd.o
 .debug_macro   0x00020be9       0x1c ./Core/Src/Lcd.o
 .debug_macro   0x00020c05       0x1f ./Core/Src/Lcd.o
 .debug_macro   0x00020c24       0x2c ./Core/Src/Lcd.o
 .debug_macro   0x00020c50       0x11 ./Core/Src/Lcd.o
 .debug_macro   0x00020c61       0x18 ./Core/Src/Lcd.o
 .debug_macro   0x00020c79       0x10 ./Core/Src/Lcd.o
 .debug_macro   0x00020c89       0x35 ./Core/Src/Lcd.o
 .debug_macro   0x00020cbe       0x5e ./Core/Src/Lcd.o
 .debug_macro   0x00020d1c       0x16 ./Core/Src/Lcd.o
 .debug_macro   0x00020d32       0x52 ./Core/Src/Lcd.o
 .debug_macro   0x00020d84       0x5e ./Core/Src/Lcd.o
 .debug_macro   0x00020de2       0x28 ./Core/Src/Lcd.o
 .debug_macro   0x00020e0a       0x2e ./Core/Src/Lcd.o
 .debug_macro   0x00020e38       0x19 ./Core/Src/Lcd.o
 .debug_macro   0x00020e51       0x11 ./Core/Src/Lcd.o
 .debug_macro   0x00020e62       0x4f ./Core/Src/Lcd.o
 .debug_macro   0x00020eb1       0x18 ./Core/Src/Lcd.o
 .debug_macro   0x00020ec9       0x19 ./Core/Src/Lcd.o
 .debug_macro   0x00020ee2       0x88 ./Core/Src/Lcd.o
 .debug_macro   0x00020f6a       0x19 ./Core/Src/Lcd.o
 .debug_macro   0x00020f83       0x1c ./Core/Src/Lcd.o
 .debug_macro   0x00020f9f       0x10 ./Core/Src/Lcd.o
 .debug_macro   0x00020faf       0x16 ./Core/Src/Lcd.o
 .debug_macro   0x00020fc5       0x16 ./Core/Src/Lcd.o
 .debug_macro   0x00020fdb       0x29 ./Core/Src/Lcd.o
 .debug_macro   0x00021004       0x1c ./Core/Src/Lcd.o
 .debug_macro   0x00021020       0xde ./Core/Src/Lcd.o
 .debug_macro   0x000210fe       0x1c ./Core/Src/Lcd.o
 .debug_macro   0x0002111a       0x10 ./Core/Src/Lcd.o
 .debug_macro   0x0002112a       0x16 ./Core/Src/Lcd.o
 .debug_macro   0x00021140      0x131 ./Core/Src/Lcd.o
 .debug_macro   0x00021271      0x11d ./Core/Src/Lcd.o
 .debug_macro   0x0002138e       0x10 ./Core/Src/Lcd.o
 .debug_macro   0x0002139e      0x242 ./Core/Src/Lcd.o
 .debug_macro   0x000215e0       0x11 ./Core/Src/Lcd.o
 .debug_macro   0x000215f1       0x19 ./Core/Src/Lcd.o
 .debug_macro   0x0002160a       0x18 ./Core/Src/Lcd.o
 .debug_macro   0x00021622       0x16 ./Core/Src/Lcd.o
 .debug_macro   0x00021638       0x20 ./Core/Src/Lcd.o
 .debug_macro   0x00021658      0x63a ./Core/Src/Nrf2401Plus.o
 .debug_macro   0x00021c92       0x16 ./Core/Src/Nrf2401Plus.o
 .debug_macro   0x00021ca8       0x2e ./Core/Src/Nrf2401Plus.o
 .debug_macro   0x00021cd6       0x10 ./Core/Src/Nrf2401Plus.o
 .debug_macro   0x00021ce6       0x1c ./Core/Src/Nrf2401Plus.o
 .debug_macro   0x00021d02      0x138 ./Core/Src/Nrf2401Plus.o
 .debug_macro   0x00021e3a       0x22 ./Core/Src/Nrf2401Plus.o
 .debug_macro   0x00021e5c       0x2c ./Core/Src/Nrf2401Plus.o
 .debug_macro   0x00021e88      0x1f6 ./Core/Src/dma.o
 .debug_macro   0x0002207e      0xab4 ./Core/Src/dma.o
 .debug_macro   0x00022b32     0x1011 ./Core/Src/dma.o
 .debug_macro   0x00023b43      0x189 ./Core/Src/dma.o
 .debug_macro   0x00023ccc      0x1f6 ./Core/Src/gpio.o
 .debug_macro   0x00023ec2      0x60b ./Core/Src/i2c.o
 .debug_macro   0x000244cd      0x651 ./Core/Src/main.o
 .debug_macro   0x00024b1e      0x213 ./Core/Src/spi.o
 .debug_macro   0x00024d31      0x1ec ./Core/Src/stm32f4xx_hal_msp.o
 .debug_macro   0x00024f1d      0x62d ./Core/Src/stm32f4xx_it.o
 .debug_macro   0x0002554a      0x1dd ./Core/Src/system_stm32f4xx.o
 .debug_macro   0x00025727      0x1f6 ./Core/Src/usart.o
 .debug_macro   0x0002591d      0x23d ./Drivers/STM32F4xx_HAL_Driver/Src/stm32f4xx_hal.o
 .debug_macro   0x00025b5a      0x1dd ./Drivers/STM32F4xx_HAL_Driver/Src/stm32f4xx_hal_cortex.o
 .debug_macro   0x00025d37      0x1e3 ./Drivers/STM32F4xx_HAL_Driver/Src/stm32f4xx_hal_dma.o
 .debug_macro   0x00025f1a      0x1e3 ./Drivers/STM32F4xx_HAL_Driver/Src/stm32f4xx_hal_gpio.o
 .debug_macro   0x000260fd      0x22b ./Drivers/STM32F4xx_HAL_Driver/Src/stm32f4xx_hal_i2c.o
 .debug_macro   0x00026328      0x201 ./Drivers/STM32F4xx_HAL_Driver/Src/stm32f4xx_hal_rcc.o
 .debug_macro   0x00026529      0x1dd ./Drivers/STM32F4xx_HAL_Driver/Src/stm32f4xx_hal_rcc_ex.o
 .debug_macro   0x00026706      0x1ec ./Drivers/STM32F4xx_HAL_Driver/Src/stm32f4xx_hal_spi.o
 .debug_macro   0x000268f2      0x1de ./Drivers/STM32F4xx_HAL_Driver/Src/stm32f4xx_hal_uart.o

.debug_line     0x00000000    0x179a8
 .debug_line    0x00000000     0x15c6 ./Core/Src/Lcd.o
 .debug_line    0x000015c6     0x194a ./Core/Src/Nrf2401Plus.o
 .debug_line    0x00002f10      0x76b ./Core/Src/dma.o
 .debug_line    0x0000367b      0x78d ./Core/Src/gpio.o
 .debug_line    0x00003e08     0x16af ./Core/Src/i2c.o
 .debug_line    0x000054b7     0x1553 ./Core/Src/main.o
 .debug_line    0x00006a0a      0x980 ./Core/Src/spi.o
 .debug_line    0x0000738a      0x767 ./Core/Src/stm32f4xx_hal_msp.o
 .debug_line    0x00007af1     0x165b ./Core/Src/stm32f4xx_it.o
 .debug_line    0x0000914c      0x7db ./Core/Src/system_stm32f4xx.o
 .debug_line    0x00009927      0x83c ./Core/Src/usart.o
 .debug_line    0x0000a163       0x7a ./Core/Startup/startup_stm32f446retx.o
 .debug_line    0x0000a1dd      0xa53 ./Drivers/STM32F4xx_HAL_Driver/Src/stm32f4xx_hal.o
 .debug_line    0x0000ac30      0xd45 ./Drivers/STM32F4xx_HAL_Driver/Src/stm32f4xx_hal_cortex.o
 .debug_line    0x0000b975      0xfc3 ./Drivers/STM32F4xx_HAL_Driver/Src/stm32f4xx_hal_dma.o
 .debug_line    0x0000c938      0xbcb ./Drivers/STM32F4xx_HAL_Driver/Src/stm32f4xx_hal_gpio.o
 .debug_line    0x0000d503     0x3b94 ./Drivers/STM32F4xx_HAL_Driver/Src/stm32f4xx_hal_i2c.o
 .debug_line    0x00011097      0xdea ./Drivers/STM32F4xx_HAL_Driver/Src/stm32f4xx_hal_rcc.o
 .debug_line    0x00011e81     0x145a ./Drivers/STM32F4xx_HAL_Driver/Src/stm32f4xx_hal_rcc_ex.o
 .debug_line    0x000132db     0x1d77 ./Drivers/STM32F4xx_HAL_Driver/Src/stm32f4xx_hal_spi.o
 .debug_line    0x00015052     0x2956 ./Drivers/STM32F4xx_HAL_Driver/Src/stm32f4xx_hal_uart.o

.debug_str      0x00000000    0xdb799
 .debug_str     0x00000000    0xd27c9 ./Core/Src/Lcd.o
                              0xd3000 (size before relaxing)
 .debug_str     0x000d27c9     0x55d5 ./Core/Src/Nrf2401Plus.o
                              0xd81c0 (size before relaxing)
 .debug_str     0x000d7d9e      0x864 ./Core/Src/dma.o
                              0xc5ca8 (size before relaxing)
 .debug_str     0x000d8602       0x59 ./Core/Src/gpio.o
                              0xc5815 (size before relaxing)
 .debug_str     0x000d865b      0x13d ./Core/Src/i2c.o
                              0xd3748 (size before relaxing)
 .debug_str     0x000d8798      0x1f3 ./Core/Src/main.o
                              0xce720 (size before relaxing)
 .debug_str     0x000d898b      0x124 ./Core/Src/spi.o
                              0xc6cba (size before relaxing)
 .debug_str     0x000d8aaf       0x49 ./Core/Src/stm32f4xx_hal_msp.o
                              0xc5767 (size before relaxing)
 .debug_str     0x000d8af8      0x39c ./Core/Src/stm32f4xx_it.o
                              0xce98e (size before relaxing)
 .debug_str     0x000d8e94       0xcb ./Core/Src/system_stm32f4xx.o
                              0xc562b (size before relaxing)
 .debug_str     0x000d8f5f       0x58 ./Core/Src/usart.o
                              0xc6262 (size before relaxing)
 .debug_str     0x000d8fb7       0x44 ./Core/Startup/startup_stm32f446retx.o
                                 0xa1 (size before relaxing)
 .debug_str     0x000d8ffb      0x582 ./Drivers/STM32F4xx_HAL_Driver/Src/stm32f4xx_hal.o
                              0xc61f0 (size before relaxing)
 .debug_str     0x000d957d      0x361 ./Drivers/STM32F4xx_HAL_Driver/Src/stm32f4xx_hal_cortex.o
                              0xc5f47 (size before relaxing)
 .debug_str     0x000d98de      0x2e0 ./Drivers/STM32F4xx_HAL_Driver/Src/stm32f4xx_hal_dma.o
                              0xc5a20 (size before relaxing)
 .debug_str     0x000d9bbe      0x121 ./Drivers/STM32F4xx_HAL_Driver/Src/stm32f4xx_hal_gpio.o
                              0xc57a6 (size before relaxing)
 .debug_str     0x000d9cdf      0xa9c ./Drivers/STM32F4xx_HAL_Driver/Src/stm32f4xx_hal_i2c.o
                              0xc6629 (size before relaxing)
 .debug_str     0x000da77b      0x208 ./Drivers/STM32F4xx_HAL_Driver/Src/stm32f4xx_hal_rcc.o
                              0xc5a64 (size before relaxing)
 .debug_str     0x000da983      0x324 ./Drivers/STM32F4xx_HAL_Driver/Src/stm32f4xx_hal_rcc_ex.o
                              0xc5a97 (size before relaxing)
 .debug_str     0x000daca7      0x4f9 ./Drivers/STM32F4xx_HAL_Driver/Src/stm32f4xx_hal_spi.o
                              0xc5ec4 (size before relaxing)
 .debug_str     0x000db1a0      0x5f9 ./Drivers/STM32F4xx_HAL_Driver/Src/stm32f4xx_hal_uart.o
                              0xc601b (size before relaxing)

.comment        0x00000000       0x43
 .comment       0x00000000       0x43 ./Core/Src/Lcd.o
                                 0x44 (size before relaxing)
 .comment       0x00000043       0x44 ./Core/Src/Nrf2401Plus.o
 .comment       0x00000043       0x44 ./Core/Src/dma.o
 .comment       0x00000043       0x44 ./Core/Src/gpio.o
 .comment       0x00000043       0x44 ./Core/Src/i2c.o
 .comment       0x00000043       0x44 ./Core/Src/main.o
 .comment       0x00000043       0x44 ./Core/Src/spi.o
 .comment       0x00000043       0x44 ./Core/Src/stm32f4xx_hal_msp.o
 .comment       0x00000043       0x44 ./Core/Src/stm32f4xx_it.o
 .comment       0x00000043       0x44 ./Core/Src/system_stm32f4xx.o
 .comment       0x00000043       0x44 ./Core/Src/usart.o
 .comment       0x00000043       0x44 ./Drivers/STM32F4xx_HAL_Driver/Src/stm32f4xx_hal.o
 .comment       0x00000043       0x44 ./Drivers/STM32F4xx_HAL_Driver/Src/stm32f4xx_hal_cortex.o
 .comment       0x00000043       0x44 ./Drivers/STM32F4xx_HAL_Driver/Src/stm32f4xx_hal_dma.o
 .comment       0x00000043       0x44 ./Drivers/STM32F4xx_HAL_Driver/Src/stm32f4xx_hal_gpio.o
 .comment       0x00000043       0x44 ./Drivers/STM32F4xx_HAL_Driver/Src/stm32f4xx_hal_i2c.o
 .comment       0x00000043       0x44 ./Drivers/STM32F4xx_HAL_Driver/Src/stm32f4xx_hal_rcc.o
 .comment       0x00000043       0x44 ./Drivers/STM32F4xx_HAL_Driver/Src/stm32f4xx_hal_rcc_ex.o
 .comment       0x00000043       0x44 ./Drivers/STM32F4xx_HAL_Driver/Src/stm32f4xx_hal_spi.o
 .comment       0x00000043       0x44 ./Drivers/STM32F4xx_HAL_Driver/Src/stm32f4xx_hal_uart.o

.debug_frame    0x00000000     0x38c4
 .debug_frame   0x00000000       0xf0 ./Core/Src/Lcd.o
 .debug_frame   0x000000f0      0x370 ./Core/Src/Nrf2401Plus.o
 .debug_frame   0x00000460       0x34 ./Core/Src/dma.o
 .debug_frame   0x00000494       0x34 ./Core/Src/gpio.o
 .debug_frame   0x000004c8       0xb8 ./Core/Src/i2c.o
 .debug_frame   0x00000580       0x6c ./Core/Src/main.o
 .debug_frame   0x000005ec       0xbc ./Core/Src/spi.o
 .debug_frame   0x000006a8       0x34 ./Core/Src/stm32f4xx_hal_msp.o
 .debug_frame   0x000006dc      0x238 ./Core/Src/stm32f4xx_it.o
 .debug_frame   0x00000914       0x58 ./Core/Src/system_stm32f4xx.o
 .debug_frame   0x0000096c       0x90 ./Core/Src/usart.o
 .debug_frame   0x000009fc      0x374 ./Drivers/STM32F4xx_HAL_Driver/Src/stm32f4xx_hal.o
 .debug_frame   0x00000d70      0x508 ./Drivers/STM32F4xx_HAL_Driver/Src/stm32f4xx_hal_cortex.o
 .debug_frame   0x00001278      0x250 ./Drivers/STM32F4xx_HAL_Driver/Src/stm32f4xx_hal_dma.o
 .debug_frame   0x000014c8      0x14c ./Drivers/STM32F4xx_HAL_Driver/Src/stm32f4xx_hal_gpio.o
 .debug_frame   0x00001614      0xc84 ./Drivers/STM32F4xx_HAL_Driver/Src/stm32f4xx_hal_i2c.o
 .debug_frame   0x00002298      0x1f4 ./Drivers/STM32F4xx_HAL_Driver/Src/stm32f4xx_hal_rcc.o
 .debug_frame   0x0000248c      0x1e8 ./Drivers/STM32F4xx_HAL_Driver/Src/stm32f4xx_hal_rcc_ex.o
 .debug_frame   0x00002674      0x828 ./Drivers/STM32F4xx_HAL_Driver/Src/stm32f4xx_hal_spi.o
 .debug_frame   0x00002e9c      0x954 ./Drivers/STM32F4xx_HAL_Driver/Src/stm32f4xx_hal_uart.o
 .debug_frame   0x000037f0       0x20 C:/ST/STM32CubeIDE_1.16.1/STM32CubeIDE/plugins/com.st.stm32cube.ide.mcu.externaltools.gnu-tools-for-stm32.12.3.rel1.win32_1.0.200.202406191623/tools/bin/../lib/gcc/arm-none-eabi/12.3.1/../../../../arm-none-eabi/lib/thumb/v7e-m+fp/hard\libc_nano.a(libc_a-memset.o)
 .debug_frame   0x00003810       0x2c C:/ST/STM32CubeIDE_1.16.1/STM32CubeIDE/plugins/com.st.stm32cube.ide.mcu.externaltools.gnu-tools-for-stm32.12.3.rel1.win32_1.0.200.202406191623/tools/bin/../lib/gcc/arm-none-eabi/12.3.1/../../../../arm-none-eabi/lib/thumb/v7e-m+fp/hard\libc_nano.a(libc_a-init.o)
 .debug_frame   0x0000383c       0x28 C:/ST/STM32CubeIDE_1.16.1/STM32CubeIDE/plugins/com.st.stm32cube.ide.mcu.externaltools.gnu-tools-for-stm32.12.3.rel1.win32_1.0.200.202406191623/tools/bin/../lib/gcc/arm-none-eabi/12.3.1/../../../../arm-none-eabi/lib/thumb/v7e-m+fp/hard\libc_nano.a(libc_a-memcpy-stub.o)
 .debug_frame   0x00003864       0x2c C:/ST/STM32CubeIDE_1.16.1/STM32CubeIDE/plugins/com.st.stm32cube.ide.mcu.externaltools.gnu-tools-for-stm32.12.3.rel1.win32_1.0.200.202406191623/tools/bin/../lib/gcc/arm-none-eabi/12.3.1/thumb/v7e-m+fp/hard\libgcc.a(_aeabi_uldivmod.o)
 .debug_frame   0x00003890       0x34 C:/ST/STM32CubeIDE_1.16.1/STM32CubeIDE/plugins/com.st.stm32cube.ide.mcu.externaltools.gnu-tools-for-stm32.12.3.rel1.win32_1.0.200.202406191623/tools/bin/../lib/gcc/arm-none-eabi/12.3.1/thumb/v7e-m+fp/hard\libgcc.a(_udivmoddi4.o)

.debug_line_str
                0x00000000       0x85
 .debug_line_str
                0x00000000       0x85 ./Core/Startup/startup_stm32f446retx.o
