../Core/Src/Nrf2401Plus.c:44:6:NrfInit	24	static
../Core/Src/Nrf2401Plus.c:87:6:NrfMode	16	static
../Core/Src/Nrf2401Plus.c:98:6:NrfEnableRxPipe	16	static
../Core/Src/Nrf2401Plus.c:108:6:NrfPipe	24	static
../Core/Src/Nrf2401Plus.c:122:6:NrfAutoAck	16	static
../Core/Src/Nrf2401Plus.c:133:6:NrfSetupAdressWidth	16	static
../Core/Src/Nrf2401Plus.c:144:6:NrfFreqChannel	16	static
../Core/Src/Nrf2401Plus.c:159:6:NrfRFSetup	16	static
../Core/Src/Nrf2401Plus.c:170:6:NrfRxPayload	16	static
../Core/Src/Nrf2401Plus.c:183:6:NrfSetupAutoRetransmit	16	static
../Core/Src/Nrf2401Plus.c:194:6:NrfSetupFeature	16	static
../Core/Src/Nrf2401Plus.c:205:6:NrfClearAct	8	static
../Core/Src/Nrf2401Plus.c:215:6:NrfClearReTransmitCount	8	static
../Core/Src/Nrf2401Plus.c:225:6:NrfDataSending	8	static
../Core/Src/Nrf2401Plus.c:294:6:NrfDataBuild	40	static
../Core/Src/Nrf2401Plus.c:367:6:NrfTransmit	8	static
../Core/Src/Nrf2401Plus.c:374:6:ClearFifo	16	static
../Core/Src/Nrf2401Plus.c:382:6:ReadFifo	8	static
../Core/Src/Nrf2401Plus.c:390:6:ReadStatus	8	static
../Core/Src/Nrf2401Plus.c:404:6:ReadChannel	8	static
../Core/Src/Nrf2401Plus.c:412:6:NRFDelayMicroSeconds	24	static
