../Core/Src/i2c.cpp:37:6:void MX_I2C1_Init()	8	static
../Core/Src/i2c.cpp:66:6:void MX_I2C2_Init()	8	static
../Core/Src/i2c.cpp:95:6:void HAL_I2C_MspInit(I2C_HandleTypeDef*)	56	static
../Core/Src/i2c.cpp:239:6:void HAL_I2C_MspDeInit(I2C_HandleTypeDef*)	16	static
../Core/Src/i2c.cpp:297:6:void HAL_I2C_MasterTxCpltCallback(I2C_HandleTypeDef*)	16	static
../Core/Src/i2c.cpp:327:6:void HAL_I2C_MemTxCpltCallback(I2C_HandleTypeDef*)	16	static
../Core/Src/i2c.cpp:342:6:void HAL_I2C_MemRxCpltCallback(I2C_HandleTypeDef*)	16	static
