../Core/Src/stm32f4xx_it.cpp:83:6:void NMI_Handler()	4	static
../Core/Src/stm32f4xx_it.cpp:98:6:void HardFault_Handler()	4	static
../Core/Src/stm32f4xx_it.cpp:113:6:void MemManage_Handler()	4	static
../Core/Src/stm32f4xx_it.cpp:128:6:void BusFault_Handler()	4	static
../Core/Src/stm32f4xx_it.cpp:143:6:void UsageFault_Handler()	4	static
../Core/Src/stm32f4xx_it.cpp:158:6:void SVC_Handler()	4	static
../Core/Src/stm32f4xx_it.cpp:171:6:void DebugMon_Handler()	4	static
../Core/Src/stm32f4xx_it.cpp:184:6:void PendSV_Handler()	4	static
../Core/Src/stm32f4xx_it.cpp:197:6:void SysTick_Handler()	8	static
../Core/Src/stm32f4xx_it.cpp:223:6:void DMA1_Stream2_IRQHandler()	8	static
../Core/Src/stm32f4xx_it.cpp:237:6:void DMA1_Stream3_IRQHandler()	8	static
../Core/Src/stm32f4xx_it.cpp:251:6:void DMA1_Stream4_IRQHandler()	8	static
../Core/Src/stm32f4xx_it.cpp:265:6:void DMA1_Stream5_IRQHandler()	8	static
../Core/Src/stm32f4xx_it.cpp:279:6:void DMA1_Stream6_IRQHandler()	8	static
../Core/Src/stm32f4xx_it.cpp:293:6:void I2C1_EV_IRQHandler()	8	static
../Core/Src/stm32f4xx_it.cpp:307:6:void I2C2_EV_IRQHandler()	8	static
../Core/Src/stm32f4xx_it.cpp:321:6:void SPI2_IRQHandler()	8	static
../Core/Src/stm32f4xx_it.cpp:335:6:void USART1_IRQHandler()	8	static
../Core/Src/stm32f4xx_it.cpp:349:6:void DMA1_Stream7_IRQHandler()	8	static
../Core/Src/stm32f4xx_it.cpp:363:6:void SPI3_IRQHandler()	8	static
